Archive member included to satisfy reference by file (symbol)

c:/nxp/mcuxpressoide_10.2.1_795/ide/tools/bin/../lib/gcc/arm-none-eabi/7.2.1/../../../../arm-none-eabi/lib/thumb/v7e-m/fpv4-sp/hard\libcr_semihost_nf.a(_cr__main.o)
                              ./startup/startup_mk66f18.o (__main)
c:/nxp/mcuxpressoide_10.2.1_795/ide/tools/bin/../lib/gcc/arm-none-eabi/7.2.1/../../../../arm-none-eabi/lib/thumb/v7e-m/fpv4-sp/hard\libcr_semihost_nf.a(_cr_assert.o)
                              ./utilities/fsl_debug_console.o (__assertion_failed)
c:/nxp/mcuxpressoide_10.2.1_795/ide/tools/bin/../lib/gcc/arm-none-eabi/7.2.1/../../../../arm-none-eabi/lib/thumb/v7e-m/fpv4-sp/hard\libcr_semihost_nf.a(__ciob.o)
                              c:/nxp/mcuxpressoide_10.2.1_795/ide/tools/bin/../lib/gcc/arm-none-eabi/7.2.1/../../../../arm-none-eabi/lib/thumb/v7e-m/fpv4-sp/hard\libcr_semihost_nf.a(_cr_assert.o) (__Ciob)
c:/nxp/mcuxpressoide_10.2.1_795/ide/tools/bin/../lib/gcc/arm-none-eabi/7.2.1/../../../../arm-none-eabi/lib/thumb/v7e-m/fpv4-sp/hard\libcr_semihost_nf.a(__sys_appexit.o)
                              c:/nxp/mcuxpressoide_10.2.1_795/ide/tools/bin/../lib/gcc/arm-none-eabi/7.2.1/../../../../arm-none-eabi/lib/thumb/v7e-m/fpv4-sp/hard\libcr_semihost_nf.a(_cr_assert.o) (__sys_appexit)
c:/nxp/mcuxpressoide_10.2.1_795/ide/tools/bin/../lib/gcc/arm-none-eabi/7.2.1/../../../../arm-none-eabi/lib/thumb/v7e-m/fpv4-sp/hard\libcr_c.a(memcpy.o)
                              ./sdmmc/src/fsl_mmc.o (memcpy)
c:/nxp/mcuxpressoide_10.2.1_795/ide/tools/bin/../lib/gcc/arm-none-eabi/7.2.1/../../../../arm-none-eabi/lib/thumb/v7e-m/fpv4-sp/hard\libcr_c.a(memset.o)
                              ./sdmmc/src/fsl_mmc.o (memset)
c:/nxp/mcuxpressoide_10.2.1_795/ide/tools/bin/../lib/gcc/arm-none-eabi/7.2.1/../../../../arm-none-eabi/lib/thumb/v7e-m/fpv4-sp/hard\libcr_c.a(_deferredlazyseek.o)
                              c:/nxp/mcuxpressoide_10.2.1_795/ide/tools/bin/../lib/gcc/arm-none-eabi/7.2.1/../../../../arm-none-eabi/lib/thumb/v7e-m/fpv4-sp/hard\libcr_semihost_nf.a(_cr_assert.o) (__flsbuf)
c:/nxp/mcuxpressoide_10.2.1_795/ide/tools/bin/../lib/gcc/arm-none-eabi/7.2.1/../../../../arm-none-eabi/lib/thumb/v7e-m/fpv4-sp/hard\libcr_c.a(_fflush.o)
                              c:/nxp/mcuxpressoide_10.2.1_795/ide/tools/bin/../lib/gcc/arm-none-eabi/7.2.1/../../../../arm-none-eabi/lib/thumb/v7e-m/fpv4-sp/hard\libcr_c.a(_deferredlazyseek.o) (_fflush)
c:/nxp/mcuxpressoide_10.2.1_795/ide/tools/bin/../lib/gcc/arm-none-eabi/7.2.1/../../../../arm-none-eabi/lib/thumb/v7e-m/fpv4-sp/hard\libcr_c.a(_writebuf.o)
                              c:/nxp/mcuxpressoide_10.2.1_795/ide/tools/bin/../lib/gcc/arm-none-eabi/7.2.1/../../../../arm-none-eabi/lib/thumb/v7e-m/fpv4-sp/hard\libcr_c.a(_deferredlazyseek.o) (_Cwritebuf)
c:/nxp/mcuxpressoide_10.2.1_795/ide/tools/bin/../lib/gcc/arm-none-eabi/7.2.1/../../../../arm-none-eabi/lib/thumb/v7e-m/fpv4-sp/hard\libcr_c.a(alloc.o)
                              ./drivers/fsl_common.o (malloc)
c:/nxp/mcuxpressoide_10.2.1_795/ide/tools/bin/../lib/gcc/arm-none-eabi/7.2.1/../../../../arm-none-eabi/lib/thumb/v7e-m/fpv4-sp/hard\libcr_c.a(fputs.o)
                              c:/nxp/mcuxpressoide_10.2.1_795/ide/tools/bin/../lib/gcc/arm-none-eabi/7.2.1/../../../../arm-none-eabi/lib/thumb/v7e-m/fpv4-sp/hard\libcr_semihost_nf.a(_cr_assert.o) (fputs)
c:/nxp/mcuxpressoide_10.2.1_795/ide/tools/bin/../lib/gcc/arm-none-eabi/7.2.1/../../../../arm-none-eabi/lib/thumb/v7e-m/fpv4-sp/hard\libcr_c.a(fseek.o)
                              c:/nxp/mcuxpressoide_10.2.1_795/ide/tools/bin/../lib/gcc/arm-none-eabi/7.2.1/../../../../arm-none-eabi/lib/thumb/v7e-m/fpv4-sp/hard\libcr_c.a(_deferredlazyseek.o) (fseek)
c:/nxp/mcuxpressoide_10.2.1_795/ide/tools/bin/../lib/gcc/arm-none-eabi/7.2.1/../../../../arm-none-eabi/lib/thumb/v7e-m/fpv4-sp/hard\libcr_c.a(ftell.o)
                              c:/nxp/mcuxpressoide_10.2.1_795/ide/tools/bin/../lib/gcc/arm-none-eabi/7.2.1/../../../../arm-none-eabi/lib/thumb/v7e-m/fpv4-sp/hard\libcr_c.a(fseek.o) (ftell)
c:/nxp/mcuxpressoide_10.2.1_795/ide/tools/bin/../lib/gcc/arm-none-eabi/7.2.1/../../../../arm-none-eabi/lib/thumb/v7e-m/fpv4-sp/hard\libcr_c.a(initio.o)
                              c:/nxp/mcuxpressoide_10.2.1_795/ide/tools/bin/../lib/gcc/arm-none-eabi/7.2.1/../../../../arm-none-eabi/lib/thumb/v7e-m/fpv4-sp/hard\libcr_semihost_nf.a(_cr__main.o) (_initio)
c:/nxp/mcuxpressoide_10.2.1_795/ide/tools/bin/../lib/gcc/arm-none-eabi/7.2.1/../../../../arm-none-eabi/lib/thumb/v7e-m/fpv4-sp/hard\libcr_c.a(scanf.o)
                              ./drivers/screen.o (atoi)
c:/nxp/mcuxpressoide_10.2.1_795/ide/tools/bin/../lib/gcc/arm-none-eabi/7.2.1/../../../../arm-none-eabi/lib/thumb/v7e-m/fpv4-sp/hard\libcr_c.a(setvbuf.o)
                              c:/nxp/mcuxpressoide_10.2.1_795/ide/tools/bin/../lib/gcc/arm-none-eabi/7.2.1/../../../../arm-none-eabi/lib/thumb/v7e-m/fpv4-sp/hard\libcr_c.a(initio.o) (setvbuf)
[...]
Memory Configuration

Name             Origin             Length             Attributes
PROGRAM_FLASH    0x00000000         0x00100000         xr
SRAM_UPPER       0x20000000         0x00030000         xrw
SRAM_LOWER       0x1fff0000         0x00010000         xrw
FLEX_RAM         0x14000000         0x00001000         xrw
*default*        0x00000000         0xffffffff

Linker script and memory map

LOAD ./utilities/fsl_debug_console.o
LOAD ./utilities/fsl_io.o
LOAD ./utilities/fsl_log.o
LOAD ./utilities/fsl_str.o
LOAD ./startup/startup_mk66f18.o
LOAD ./source/main.o
LOAD ./source/semihost_hardfault.o
LOAD ./sdmmc/src/fsl_mmc.o
LOAD ./sdmmc/src/fsl_sd.o
LOAD ./sdmmc/src/fsl_sdmmc_common.o
LOAD ./sdmmc/src/fsl_sdmmc_event.o
LOAD ./sdmmc/src/fsl_sdmmc_host.o
LOAD ./sdmmc/src/fsl_sdspi.o
LOAD ./fatfs/fatfs_source/diskio.o
LOAD ./fatfs/fatfs_source/ff.o
LOAD ./fatfs/fatfs_source/ffsystem.o
LOAD ./fatfs/fatfs_source/ffunicode.o
LOAD ./fatfs/fatfs_source/fsl_mmc_disk.o
LOAD ./fatfs/fatfs_source/fsl_nand_disk.o
LOAD ./fatfs/fatfs_source/fsl_ram_disk.o
LOAD ./fatfs/fatfs_source/fsl_sd_disk.o
LOAD ./fatfs/fatfs_source/fsl_sdspi_disk.o
LOAD ./fatfs/fatfs_source/fsl_usb_disk_bm.o
LOAD ./drivers/button.o
LOAD ./drivers/fsl_clock.o
LOAD ./drivers/fsl_common.o
LOAD ./drivers/fsl_dmamux.o
LOAD ./drivers/fsl_dspi.o
LOAD ./drivers/fsl_dspi_cmsis.o
LOAD ./drivers/fsl_dspi_edma.o
LOAD ./drivers/fsl_edma.o
LOAD ./drivers/fsl_ftm.o
LOAD ./drivers/fsl_gpio.o
LOAD ./drivers/fsl_lptmr.o
LOAD ./drivers/fsl_lpuart.o
LOAD ./drivers/fsl_rtc.o
LOAD ./drivers/fsl_sdhc.o
LOAD ./drivers/fsl_tpm.o
LOAD ./drivers/fsl_uart.o
LOAD ./drivers/screen.o
LOAD ./drivers/ss_display_driver.o
LOAD ./drivers/time.o
LOAD ./device/system_MK66F18.o
LOAD ./board/board.o
LOAD ./board/clock_config.o
LOAD ./board/peripherals.o
LOAD ./board/pin_mux.o
START GROUP
LOAD c:/nxp/mcuxpressoide_10.2.1_795/ide/tools/bin/../lib/gcc/arm-none-eabi/7.2.1/../../../../arm-none-eabi/lib/thumb/v7e-m/fpv4-sp/hard\libcr_semihost_nf.a
LOAD c:/nxp/mcuxpressoide_10.2.1_795/ide/tools/bin/../lib/gcc/arm-none-eabi/7.2.1/../../../../arm-none-eabi/lib/thumb/v7e-m/fpv4-sp/hard\libcr_c.a
LOAD c:/nxp/mcuxpressoide_10.2.1_795/ide/tools/bin/../lib/gcc/arm-none-eabi/7.2.1/thumb/v7e-m/fpv4-sp/hard\libcr_eabihelpers.a
END GROUP
                0x00000000                __base_PROGRAM_FLASH = 0x0
                0x00000000                __base_Flash = 0x0
                0x00100000                __top_PROGRAM_FLASH = 0x100000
                0x00100000                __top_Flash = 0x100000
                0x20000000                __base_SRAM_UPPER = 0x20000000
                0x20000000                __base_RAM = 0x20000000
                0x20030000                __top_SRAM_UPPER = 0x20030000
                0x20030000                __top_RAM = 0x20030000
                0x1fff0000                __base_SRAM_LOWER = 0x1fff0000
                0x1fff0000                __base_RAM2 = 0x1fff0000
                0x20000000                __top_SRAM_LOWER = 0x20000000
                0x20000000                __top_RAM2 = 0x20000000
                0x14000000                __base_FLEX_RAM = 0x14000000
                0x14000000                __base_RAM3 = 0x14000000
                0x14001000                __top_FLEX_RAM = 0x14001000
                0x14001000                __top_RAM3 = 0x14001000

.text           0x00000000    0x161f8
 FILL mask 0xff
                0x00000000                __vectors_start__ = ABSOLUTE (.)
 *(.isr_vector)
 .isr_vector    0x00000000      0x1d0 ./startup/startup_mk66f18.o
                0x00000000                g_pfnVectors
                0x00000000                __Vectors
                0x000001d0                . = ALIGN (0x4)
                0x000001d0                __section_table_start = .
                0x000001d0                __data_section_table = .
                0x000001d0        0x4 LONG 0x161f8 LOADADDR (.data)
                0x000001d4        0x4 LONG 0x20000000 ADDR (.data)
                0x000001d8        0x4 LONG 0x88 SIZEOF (.data)
                0x000001dc        0x4 LONG 0x161f8 LOADADDR (.data_RAM2)
                0x000001e0        0x4 LONG 0x1fff0000 ADDR (.data_RAM2)
                0x000001e4        0x4 LONG 0x0 SIZEOF (.data_RAM2)
                0x000001e8        0x4 LONG 0x161f8 LOADADDR (.data_RAM3)
                0x000001ec        0x4 LONG 0x14000000 ADDR (.data_RAM3)
                0x000001f0        0x4 LONG 0x0 SIZEOF (.data_RAM3)
                0x000001f4                __data_section_table_end = .
                0x000001f4                __bss_section_table = .
                0x000001f4        0x4 LONG 0x20000088 ADDR (.bss)
                0x000001f8        0x4 LONG 0x3940 SIZEOF (.bss)
                0x000001fc        0x4 LONG 0x1fff0000 ADDR (.bss_RAM2)
                0x00000200        0x4 LONG 0x0 SIZEOF (.bss_RAM2)
                0x00000204        0x4 LONG 0x14000000 ADDR (.bss_RAM3)
                0x00000208        0x4 LONG 0x0 SIZEOF (.bss_RAM3)
                0x0000020c                __bss_section_table_end = .
                0x0000020c                __section_table_end = .
 *(.after_vectors*)
 .after_vectors.init_data
                0x0000020c       0x1e ./startup/startup_mk66f18.o
                0x0000020c                data_init
 .after_vectors.init_bss
                0x0000022a       0x12 ./startup/startup_mk66f18.o
                0x0000022a                bss_init
 .after_vectors.reset
                0x0000023c       0x4c ./startup/startup_mk66f18.o
                0x0000023c                ResetISR
 .after_vectors
                0x00000288       0x14 ./startup/startup_mk66f18.o
                0x00000288                NMI_Handler
                0x0000028c                MemManage_Handler
                0x0000028e                BusFault_Handler
                0x00000290                UsageFault_Handler
                0x00000292                SVC_Handler
                0x00000294                DebugMon_Handler
                0x00000296                PendSV_Handler
                0x0000029a                FTM2_DriverIRQHandler
                0x0000029a                PIT2_DriverIRQHandler
                0x0000029a                TPM2_DriverIRQHandler
                0x0000029a                I2C3_DriverIRQHandler
                0x0000029a                I2S0_Tx_DriverIRQHandler
                0x0000029a                TSI0_DriverIRQHandler
                0x0000029a                RTC_Seconds_DriverIRQHandler
                0x0000029a                CMP3_DriverIRQHandler
                0x0000029a                LLWU_DriverIRQHandler
                0x0000029a                MCM_DriverIRQHandler
                0x0000029a                MCG_DriverIRQHandler
                0x0000029a                ENET_1588_Timer_DriverIRQHandler
                0x0000029a                I2C2_DriverIRQHandler
                0x0000029a                DAC1_DriverIRQHandler
                0x0000029a                FTM1_DriverIRQHandler
                0x0000029a                CMP1_DriverIRQHandler
                0x0000029a                USBHSDCD_DriverIRQHandler
                0x0000029a                FTM0_DriverIRQHandler
                0x0000029a                IntDefaultHandler
                0x0000029a                USB0_DriverIRQHandler
                0x0000029a                PORTC_DriverIRQHandler
                0x0000029a                DAC0_DriverIRQHandler
                0x0000029a                CMP2_DriverIRQHandler
                0x0000029a                UART2_ERR_DriverIRQHandler
                0x0000029a                LVD_LVW_DriverIRQHandler
                0x0000029a                DMA_Error_DriverIRQHandler
                0x0000029a                PIT0_DriverIRQHandler
                0x0000029a                RNG_DriverIRQHandler
                0x0000029a                USBDCD_DriverIRQHandler
                0x0000029a                UART3_ERR_DriverIRQHandler
                0x0000029a                UART0_ERR_DriverIRQHandler
                0x0000029a                CMT_DriverIRQHandler
                0x0000029a                Reserved71_DriverIRQHandler
                0x0000029a                ADC1_DriverIRQHandler
                0x0000029a                PORTA_DriverIRQHandler
                0x0000029a                PIT3_DriverIRQHandler
                0x0000029a                PIT1_DriverIRQHandler
                0x0000029a                TPM1_DriverIRQHandler
                0x0000029a                WDOG_EWM_DriverIRQHandler
                0x0000029a                PDB0_DriverIRQHandler
                0x0000029a                RTC_DriverIRQHandler
                0x0000029a                I2S0_Rx_DriverIRQHandler
                0x0000029a                Read_Collision_DriverIRQHandler
                0x0000029a                SWI_DriverIRQHandler
                0x0000029a                UART4_ERR_DriverIRQHandler
                0x0000029a                LPTMR0_DriverIRQHandler
                0x0000029a                PORTB_DriverIRQHandler
                0x0000029a                I2C1_DriverIRQHandler
                0x0000029a                ENET_Receive_DriverIRQHandler
                0x0000029a                ENET_Error_DriverIRQHandler
                0x0000029a                Reserved85_DriverIRQHandler
                0x0000029a                ADC0_DriverIRQHandler
                0x0000029a                USBHS_DriverIRQHandler
                0x0000029a                CMP0_DriverIRQHandler
                0x0000029a                CAN0_DriverIRQHandler
                0x0000029a                FTM3_DriverIRQHandler
                0x0000029a                Reserved84_DriverIRQHandler
                0x0000029a                UART1_ERR_DriverIRQHandler
                0x0000029a                ENET_Transmit_DriverIRQHandler
                0x0000029a                PORTD_DriverIRQHandler
                0x0000029a                Reserved46_DriverIRQHandler
                0x0000029a                PORTE_DriverIRQHandler
                0x0000029a                FTFE_DriverIRQHandler
                0x0000029a                I2C0_DriverIRQHandler
                0x0000029a                CAN1_DriverIRQHandler
                0x00000400                . = 0x400
 *fill*         0x0000029c      0x164 ff
                0x00000400                PROVIDE (__FLASH_CONFIG_START__, .)
 *(.FlashConfig)
 .FlashConfig   0x00000400       0x10 ./startup/startup_mk66f18.o
                0x00000400                Flash_Config
                0x00000410                PROVIDE (__FLASH_CONFIG_END__, .)
                0x00000001                ASSERT (! ((__FLASH_CONFIG_START__ == __FLASH_CONFIG_END__)), Linker Flash Config Support Enabled, but no .FlashConfig section provided within application)
 *(.text*)
 .text          0x00000410      0x31a ./startup/startup_mk66f18.o
                0x00000410                DMA0_DMA16_IRQHandler
                0x00000418                DMA1_DMA17_IRQHandler
                0x00000428                DMA3_DMA19_IRQHandler
                0x00000430                DMA4_DMA20_IRQHandler
                0x00000438                DMA5_DMA21_IRQHandler
                0x00000440                DMA6_DMA22_IRQHandler
                0x00000448                DMA7_DMA23_IRQHandler
                0x00000450                DMA8_DMA24_IRQHandler
                0x00000458                DMA9_DMA25_IRQHandler
                0x00000460                DMA10_DMA26_IRQHandler
                0x00000468                DMA11_DMA27_IRQHandler
                0x00000470                DMA12_DMA28_IRQHandler
                0x00000478                DMA13_DMA29_IRQHandler
                0x00000480                DMA14_DMA30_IRQHandler
                0x00000488                DMA15_DMA31_IRQHandler
                0x00000490                DMA_Error_IRQHandler
                0x00000498                MCM_IRQHandler
                0x000004a0                FTFE_IRQHandler
                0x000004a8                Read_Collision_IRQHandler
                0x000004b0                LVD_LVW_IRQHandler
                0x000004b8                LLWU_IRQHandler
                0x000004c0                WDOG_EWM_IRQHandler
                0x000004c8                RNG_IRQHandler
                0x000004d0                I2C0_IRQHandler
                0x000004d8                I2C1_IRQHandler
                0x000004e0                SPI0_IRQHandler
                0x000004e8                SPI1_IRQHandler
                0x000004f0                I2S0_Tx_IRQHandler
                0x000004f8                I2S0_Rx_IRQHandler
                0x00000500                Reserved46_IRQHandler
                0x00000508                UART0_RX_TX_IRQHandler
                0x00000510                UART0_ERR_IRQHandler
                0x00000518                UART1_RX_TX_IRQHandler
                0x00000520                UART1_ERR_IRQHandler
                0x00000528                UART2_RX_TX_IRQHandler
                0x00000530                UART2_ERR_IRQHandler
                0x00000538                UART3_RX_TX_IRQHandler
                0x00000540                UART3_ERR_IRQHandler
                0x00000548                ADC0_IRQHandler
                0x00000550                CMP0_IRQHandler
                0x00000558                CMP1_IRQHandler
                0x00000568                FTM1_IRQHandler
                0x00000578                CMT_IRQHandler
                0x00000580                RTC_IRQHandler
                0x00000588                RTC_Seconds_IRQHandler
                0x00000590                PIT0_IRQHandler
                0x00000598                PIT1_IRQHandler
                0x000005a0                PIT2_IRQHandler
                0x000005a8                PIT3_IRQHandler
                0x000005b0                PDB0_IRQHandler
                0x000005b8                USB0_IRQHandler
                0x000005c0                USBDCD_IRQHandler
                0x000005c8                Reserved71_IRQHandler
                0x000005d0                DAC0_IRQHandler
                0x000005d8                MCG_IRQHandler
                0x000005e0                LPTMR0_IRQHandler
                0x000005e8                PORTA_IRQHandler
                0x000005f0                PORTB_IRQHandler
                0x000005f8                PORTC_IRQHandler
                0x00000600                PORTD_IRQHandler
                0x00000608                PORTE_IRQHandler
                0x00000610                SWI_IRQHandler
                0x00000618                SPI2_IRQHandler
                0x00000620                UART4_RX_TX_IRQHandler
                0x00000628                UART4_ERR_IRQHandler
                0x00000630                Reserved84_IRQHandler
                0x00000638                Reserved85_IRQHandler
                0x00000640                CMP2_IRQHandler
                0x00000648                FTM3_IRQHandler
                0x00000650                DAC1_IRQHandler
                0x00000658                ADC1_IRQHandler
                0x00000660                I2C2_IRQHandler
                0x00000668                CAN0_ORed_Message_buffer_IRQHandler
                0x00000670                CAN0_Bus_Off_IRQHandler
                0x00000678                CAN0_Error_IRQHandler
                0x00000680                CAN0_Tx_Warning_IRQHandler
                0x00000688                CAN0_Rx_Warning_IRQHandler
                0x00000690                CAN0_Wake_Up_IRQHandler
                0x00000698                SDHC_IRQHandler
                0x000006a0                ENET_1588_Timer_IRQHandler
                0x000006a8                ENET_Transmit_IRQHandler
                0x000006b0                ENET_Receive_IRQHandler
                0x000006b8                ENET_Error_IRQHandler
                0x000006c0                LPUART0_IRQHandler
                0x000006c8                TSI0_IRQHandler
                0x000006d0                TPM1_IRQHandler
                0x000006d2                TPM2_IRQHandler
                0x000006da                USBHSDCD_IRQHandler
                0x000006e2                I2C3_IRQHandler
                0x000006ea                CMP3_IRQHandler
                0x000006f2                USBHS_IRQHandler
                0x000006fa                CAN1_ORed_Message_buffer_IRQHandler
                0x00000702                CAN1_Bus_Off_IRQHandler
                0x0000070a                CAN1_Error_IRQHandler
                0x00000712                CAN1_Tx_Warning_IRQHandler
                0x0000071a                CAN1_Rx_Warning_IRQHandler
                0x00000722                CAN1_Wake_Up_IRQHandler
 *fill*         0x0000072a        0x2 ff
 .text          0x0000072c      0x108 ./source/main.o
                0x00000766                main
                0x000007c4                mode_update
                0x000007f4                mode_wait
 .text          0x00000834       0x2a ./source/semihost_hardfault.o
                0x00000834                HardFault_Handler
 *fill*         0x0000085e        0x2 ff
 .text          0x00000860      0x238 ./sdmmc/src/fsl_sdmmc_event.o
                0x000008f8                SDMMCEVENT_InitTimer
                0x0000091c                SysTick_Handler
                0x00000978                SDMMCEVENT_Create
                0x000009a6                SDMMCEVENT_Wait
                0x00000a0c                SDMMCEVENT_Notify
                0x00000a3a                SDMMCEVENT_Delete
                0x00000a62                SDMMCEVENT_Delay
 .text          0x00000a98     0x15c4 ./sdmmc/src/fsl_sdspi.o
                0x00001460                SDSPI_SendCid
                0x00001b38                SDSPI_Init
                0x00001c74                SDSPI_Deinit
                0x00001ca0                SDSPI_CheckReadOnly
                0x00001ce4                SDSPI_ReadBlocks
                0x00001dd8                SDSPI_WriteBlocks
                0x00001f10                SDSPI_SendPreErase
                0x00001f74                SDSPI_EraseBlocks
                0x00002008                SDSPI_SwitchToHighSpeed
 .text          0x0000205c       0xfe ./fatfs/fatfs_source/diskio.o
                0x0000205c                disk_status
                0x00002088                disk_initialize
                0x000020b4                disk_read
                0x000020ec                disk_write
                0x00002124                disk_ioctl
 *fill*         0x0000215a        0x2 ff
 .text          0x0000215c     0x1b0c ./fatfs/fatfs_source/ff.o
                0x00003216                f_mount
                0x00003298                f_open
                0x00003382                f_read
                0x00003578                f_close
                0x000035a8                f_chdrive
                0x000035dc                f_chdir
                0x00003670                f_getcwd
                0x00003890                f_lseek
                0x00003a20                f_opendir
                0x00003ad2                f_closedir
                0x00003b02                f_readdir
                0x00003b7c                f_stat
                0x00003bee                f_gets
 .text          0x00003c68      0x298 ./fatfs/fatfs_source/fsl_sdspi_disk.o
                0x00003c68                sdspi_disk_write
                0x00003cac                sdspi_disk_read
                0x00003cf0                sdspi_disk_ioctl
                0x00003d90                sdspi_disk_status
                0x00003db2                sdspi_disk_initialize
                0x00003dec                spi_init
                0x00003e58                spi_set_frequency
                0x00003e8c                spi_exchange
                0x00003ec4                sdspi_host_init
 .text          0x00003f00      0x3e0 ./drivers/button.o
                0x00003f00                FTM0_IRQHandler
                0x00004034                button_init
                0x00004060                get_song_idx
                0x00004078                get_effect_idx
                0x00004090                button_check
                0x00004130                get_mode
                0x00004148                set_mode
                0x00004168                button_1_pressed
                0x000041dc                button_2_pressed
                0x00004260                button_held
 .text          0x000042e0     0x207c ./drivers/fsl_clock.o
                0x00004674                CLOCK_GetOsc0ErClkUndivFreq
                0x000046ac                CLOCK_GetOsc0ErClkDivFreq
                0x000046f4                CLOCK_GetEr32kClkFreq
                0x00004764                CLOCK_GetPllFllSelClkFreq
                0x000047f4                CLOCK_GetOsc0ErClkFreq
                0x00004802                CLOCK_GetPlatClkFreq
                0x0000482c                CLOCK_GetFlashClkFreq
                0x00004854                CLOCK_GetFlexBusClkFreq
                0x0000487c                CLOCK_GetBusClkFreq
                0x000048a4                CLOCK_GetCoreSysClkFreq
                0x000048cc                CLOCK_GetFreq
                0x00004a1c                CLOCK_SetSimConfig
                0x00004a60                CLOCK_EnableUsbfs0Clock
                0x00004b74                CLOCK_EnableUsbhs0Clock
                0x00004bd4                CLOCK_DisableUsbhs0Clock
                0x00004c14                CLOCK_EnableUsbhs0PhyPllClock
                0x00004d64                CLOCK_DisableUsbhs0PhyPllClock
                0x00004dc8                CLOCK_EnableUsbhs0PfdClock
                0x00004e90                CLOCK_DisableUsbhs0PfdClock
                0x00004ebc                CLOCK_GetOutClkFreq
                0x00004f4c                CLOCK_GetFllFreq
                0x00004fc8                CLOCK_GetInternalRefClkFreq
                0x00004fec                CLOCK_GetFixedFreqClkFreq
                0x0000501a                CLOCK_GetPll0Freq
                0x00005088                CLOCK_GetExtPllFreq
                0x000050a0                CLOCK_SetExtPllFreq
                0x000050c0                CLOCK_SetExternalRefClkConfig
                0x0000512c                CLOCK_SetInternalRefClkConfig
                0x00005230                CLOCK_CalcPllDiv
                0x000053a4                CLOCK_EnablePll0
                0x00005428                CLOCK_SetPllClkSel
                0x00005478                CLOCK_SetOsc0MonitorMode
                0x000054f4                CLOCK_SetRtcOscMonitorMode
                0x00005540                CLOCK_SetPll0MonitorMode
                0x000055b4                CLOCK_SetExtPllMonitorMode
                0x00005600                CLOCK_GetStatusFlags
                0x00005698                CLOCK_ClearStatusFlags
                0x00005708                CLOCK_InitOsc0
                0x00005794                CLOCK_DeinitOsc0
                0x000057c0                CLOCK_TrimInternalRefClk
                0x000058f8                CLOCK_GetMode
                0x000059b4                CLOCK_SetFeiMode
                0x00005a74                CLOCK_SetFeeMode
                0x00005b80                CLOCK_SetFbiMode
                0x00005c50                CLOCK_SetFbeMode
                0x00005d7c                CLOCK_SetBlpiMode
                0x00005da0                CLOCK_SetBlpeMode
                0x00005dc4                CLOCK_SetPbeMode
                0x00005eac                CLOCK_SetPeeMode
                0x00005ee4                CLOCK_ExternalModeToFbeModeQuick
                0x00005f50                CLOCK_InternalModeToFbiModeQuick
                0x00005f9c                CLOCK_BootToFeiMode
                0x00005fc2                CLOCK_BootToFeeMode
                0x00005ffe                CLOCK_BootToBlpiMode
                0x00006064                CLOCK_BootToBlpeMode
                0x000060e8                CLOCK_BootToPeeMode
                0x00006150                CLOCK_SetMcgConfig
 .text          0x0000635c       0xf8 ./drivers/fsl_dmamux.o
                0x0000640c                DMAMUX_Init
                0x00006430                DMAMUX_Deinit
 .text          0x00006454     0x204c ./drivers/fsl_dspi.o
                0x0000674c                DSPI_GetInstance
                0x00006798                DSPI_SetDummyData
                0x000067c4                DSPI_MasterInit
                0x00006930                DSPI_MasterGetDefaultConfig
                0x000069c4                DSPI_SlaveInit
                0x00006ac0                DSPI_SlaveGetDefaultConfig
                0x00006b1c                DSPI_Deinit
                0x00006ba2                DSPI_MasterSetBaudRate
                0x00006cc4                DSPI_MasterSetDelayScaler
                0x00006d9e                DSPI_MasterSetDelayTimes
                0x00006ec8                DSPI_GetDefaultDataCommandConfig
                0x00006f10                DSPI_MasterWriteDataBlocking
                0x00006fb4                DSPI_MasterWriteCommandDataBlocking
                0x0000700a                DSPI_SlaveWriteDataBlocking
                0x00007060                DSPI_EnableInterrupts
                0x000070ae                DSPI_MasterTransferCreateHandle
                0x00007100                DSPI_MasterTransferBlocking
                0x000076e0                DSPI_MasterTransferNonBlocking
                0x00007794                DSPI_MasterHalfDuplexTransferBlocking
                0x00007864                DSPI_MasterHalfDuplexTransferNonBlocking
                0x00007948                DSPI_MasterTransferGetCount
                0x00007bd0                DSPI_MasterTransferAbort
                0x00007c0c                DSPI_MasterTransferHandleIRQ
                0x00007d70                DSPI_SlaveTransferCreateHandle
                0x00007dc0                DSPI_SlaveTransferNonBlocking
                0x00007efc                DSPI_SlaveTransferGetCount
                0x000080fc                DSPI_SlaveTransferAbort
                0x00008144                DSPI_SlaveTransferHandleIRQ
                0x00008410                SPI0_DriverIRQHandler
                0x00008440                SPI1_DriverIRQHandler
                0x00008470                SPI2_DriverIRQHandler
 .text          0x000084a0     0x2354 ./drivers/fsl_edma.o
                0x000085f8                EDMA_InstallTCD
                0x00008740                EDMA_Init
                0x000087d8                EDMA_Deinit
                0x000087fc                EDMA_GetDefaultConfig
                0x00008840                EDMA_ResetChannel
                0x00008874                EDMA_SetTransferConfig
                0x000088d4                EDMA_SetMinorOffsetConfig
                0x0000895c                EDMA_SetChannelLink
                0x000089a8                EDMA_SetBandWidth
                0x00008a04                EDMA_SetModulo
                0x00008a7c                EDMA_EnableChannelInterrupts
                0x00008b24                EDMA_DisableChannelInterrupts
                0x00008bd0                EDMA_TcdReset
                0x00008c48                EDMA_TcdSetTransferConfig
                0x00008d30                EDMA_TcdSetMinorOffsetConfig
                0x00008da0                EDMA_TcdSetChannelLink
                0x00008ed4                EDMA_TcdSetModulo
                0x00008f44                EDMA_TcdEnableInterrupts
                0x00008f9c                EDMA_TcdDisableInterrupts
                0x00008ff4                EDMA_GetRemainingMajorLoopCount
                0x00009088                EDMA_GetChannelStatusFlags
                0x000090fc                EDMA_ClearChannelStatusFlags
                0x0000917c                EDMA_CreateHandle
                0x00009260                EDMA_InstallTCDMemory
                0x000092c0                EDMA_SetCallback
                0x000092f0                EDMA_PrepareTransfer
                0x00009584                EDMA_SubmitTransfer
                0x00009848                EDMA_StartTransfer
                0x000098f4                EDMA_StopTransfer
                0x00009934                EDMA_AbortTransfer
                0x0000999e                EDMA_HandleIRQ
                0x00009af4                DMA0_DMA16_DriverIRQHandler
                0x00009b40                DMA1_DMA17_DriverIRQHandler
                0x00009b8c                DMA2_DMA18_DriverIRQHandler
                0x00009bd8                DMA3_DMA19_DriverIRQHandler
                0x00009c24                DMA4_DMA20_DriverIRQHandler
                0x00009c70                DMA5_DMA21_DriverIRQHandler
                0x00009cbc                DMA6_DMA22_DriverIRQHandler
                0x00009d08                DMA7_DMA23_DriverIRQHandler
                0x00009d54                DMA8_DMA24_DriverIRQHandler
                0x00009da0                DMA9_DMA25_DriverIRQHandler
                0x00009dec                DMA10_DMA26_DriverIRQHandler
                0x00009e38                DMA11_DMA27_DriverIRQHandler
                0x00009e84                DMA12_DMA28_DriverIRQHandler
                0x00009ed0                DMA13_DMA29_DriverIRQHandler
                0x00009f1c                DMA14_DMA30_DriverIRQHandler
                0x00009f68                DMA15_DMA31_DriverIRQHandler
                0x00009fb4                DMA0_0_4_DriverIRQHandler
                0x0000a000                DMA0_1_5_DriverIRQHandler
                0x0000a04c                DMA0_2_6_DriverIRQHandler
                0x0000a098                DMA0_3_7_DriverIRQHandler
                0x0000a0e4                DMA0_8_12_DriverIRQHandler
                0x0000a130                DMA0_9_13_DriverIRQHandler
                0x0000a17c                DMA0_10_14_DriverIRQHandler
                0x0000a1c8                DMA0_11_15_DriverIRQHandler
                0x0000a214                DMA0_16_20_DriverIRQHandler
                0x0000a260                DMA0_17_21_DriverIRQHandler
                0x0000a2ac                DMA0_18_22_DriverIRQHandler
                0x0000a2f8                DMA0_19_23_DriverIRQHandler
                0x0000a344                DMA0_24_28_DriverIRQHandler
                0x0000a390                DMA0_25_29_DriverIRQHandler
                0x0000a3dc                DMA0_26_30_DriverIRQHandler
                0x0000a428                DMA0_27_31_DriverIRQHandler
                0x0000a474                DMA0_DriverIRQHandler
                0x0000a490                DMA1_DriverIRQHandler
                0x0000a4ac                DMA2_DriverIRQHandler
                0x0000a4c8                DMA3_DriverIRQHandler
                0x0000a4e4                DMA4_DriverIRQHandler
                0x0000a500                DMA5_DriverIRQHandler
                0x0000a51c                DMA6_DriverIRQHandler
                0x0000a538                DMA7_DriverIRQHandler
                0x0000a554                DMA8_DriverIRQHandler
                0x0000a570                DMA9_DriverIRQHandler
                0x0000a58c                DMA10_DriverIRQHandler
                0x0000a5a8                DMA11_DriverIRQHandler
                0x0000a5c4                DMA12_DriverIRQHandler
                0x0000a5e0                DMA13_DriverIRQHandler
                0x0000a5fc                DMA14_DriverIRQHandler
                0x0000a618                DMA15_DriverIRQHandler
                0x0000a634                DMA16_DriverIRQHandler
                0x0000a650                DMA17_DriverIRQHandler
                0x0000a66c                DMA18_DriverIRQHandler
                0x0000a688                DMA19_DriverIRQHandler
                0x0000a6a4                DMA20_DriverIRQHandler
                0x0000a6c0                DMA21_DriverIRQHandler
                0x0000a6dc                DMA22_DriverIRQHandler
                0x0000a6f8                DMA23_DriverIRQHandler
                0x0000a714                DMA24_DriverIRQHandler
                0x0000a730                DMA25_DriverIRQHandler
                0x0000a74c                DMA26_DriverIRQHandler
                0x0000a768                DMA27_DriverIRQHandler
                0x0000a784                DMA28_DriverIRQHandler
                0x0000a7a0                DMA29_DriverIRQHandler
                0x0000a7bc                DMA30_DriverIRQHandler
                0x0000a7d8                DMA31_DriverIRQHandler
 .text          0x0000a7f4     0x1010 ./drivers/fsl_ftm.o
                0x0000ab44                FTM_Init
                0x0000ac38                FTM_Deinit
                0x0000ac6c                FTM_GetDefaultConfig
                0x0000acd4                FTM_SetupPwm
                0x0000afd0                FTM_UpdatePwmDutycycle
                0x0000b0dc                FTM_UpdateChnlEdgeLevelSelect
                0x0000b12a                FTM_SetupInputCapture
                0x0000b1ee                FTM_SetupOutputCompare
                0x0000b28c                FTM_SetupDualEdgeCapture
                0x0000b3a8                FTM_SetupQuadDecode
                0x0000b498                FTM_SetupFault
                0x0000b558                FTM_EnableInterrupts
                0x0000b5de                FTM_DisableInterrupts
                0x0000b664                FTM_GetEnabledInterrupts
                0x0000b738                FTM_GetStatusFlags
                0x0000b79a                FTM_ClearStatusFlags
 .text          0x0000b804      0x16c ./drivers/fsl_gpio.o
                0x0000b8a8                GPIO_PinInit
                0x0000b90c                GPIO_PortGetInterruptFlags
                0x0000b93c                GPIO_PortClearInterruptFlags
 .text          0x0000b970      0x1b8 ./drivers/fsl_lptmr.o
                0x0000ba20                LPTMR_Init
                0x0000baac                LPTMR_Deinit
                0x0000badc                LPTMR_GetDefaultConfig
 .text          0x0000bb28     0x1090 ./drivers/fsl_lpuart.o
                0x0000bbfc                LPUART_GetInstance
                0x0000bc40                LPUART_TransferGetRxRingBufferLength
                0x0000bd74                LPUART_Init
                0x0000c004                LPUART_Deinit
                0x0000c060                LPUART_GetDefaultConfig
                0x0000c0d0                LPUART_SetBaudRate
                0x0000c218                LPUART_EnableInterrupts
                0x0000c254                LPUART_DisableInterrupts
                0x0000c294                LPUART_GetEnabledInterrupts
                0x0000c2c8                LPUART_GetStatusFlags
                0x0000c2e4                LPUART_ClearStatusFlags
                0x0000c364                LPUART_WriteBlocking
                0x0000c3b0                LPUART_ReadBlocking
                0x0000c46c                LPUART_TransferCreateHandle
                0x0000c4e4                LPUART_TransferStartRingBuffer
                0x0000c53c                LPUART_TransferStopRingBuffer
                0x0000c58c                LPUART_TransferSendNonBlocking
                0x0000c628                LPUART_TransferAbortSend
                0x0000c664                LPUART_TransferGetSendCount
                0x0000c6b8                LPUART_TransferReceiveNonBlocking
                0x0000c850                LPUART_TransferAbortReceive
                0x0000c894                LPUART_TransferGetReceiveCount
                0x0000c8e8                LPUART_TransferHandleIRQ
                0x0000cb7a                LPUART_TransferHandleErrorIRQ
                0x0000cb90                LPUART0_DriverIRQHandler
 .text          0x0000cbb8     0x1664 ./drivers/fsl_sdhc.o
                0x0000d730                SDHC_Init
                0x0000d838                SDHC_Deinit
                0x0000d85c                SDHC_Reset
                0x0000d8ae                SDHC_GetCapability
                0x0000d924                SDHC_SetSdClock
                0x0000da98                SDHC_SetCardActive
                0x0000dae4                SDHC_SetTransferConfig
                0x0000db70                SDHC_EnableSdioControl
                0x0000dc3e                SDHC_SetMmcBootConfig
                0x0000dce0                SDHC_SetAdmaTableConfig
                0x0000de54                SDHC_TransferBlocking
                0x0000df74                SDHC_TransferCreateHandle
                0x0000e01c                SDHC_TransferNonBlocking
                0x0000e130                SDHC_TransferHandleIRQ
                0x0000e1e4                SDHC_DriverIRQHandler
 .text          0x0000e21c     0x14f4 ./drivers/fsl_uart.o
                0x0000e2f0                UART_GetInstance
                0x0000e344                UART_TransferGetRxRingBufferLength
                0x0000e3e4                UART_Init
                0x0000e6bc                UART_Deinit
                0x0000e708                UART_GetDefaultConfig
                0x0000e768                UART_SetBaudRate
                0x0000e870                UART_EnableInterrupts
                0x0000e8e0                UART_DisableInterrupts
                0x0000e960                UART_GetEnabledInterrupts
                0x0000e9ac                UART_GetStatusFlags
                0x0000e9f2                UART_ClearStatusFlags
                0x0000ea7e                UART_WriteBlocking
                0x0000eb00                UART_ReadBlocking
                0x0000ebd8                UART_TransferCreateHandle
                0x0000ec5c                UART_TransferStartRingBuffer
                0x0000ecd0                UART_TransferStopRingBuffer
                0x0000ed3c                UART_TransferSendNonBlocking
                0x0000edd8                UART_TransferAbortSend
                0x0000ee14                UART_TransferGetSendCount
                0x0000ee68                UART_TransferReceiveNonBlocking
                0x0000f018                UART_TransferAbortReceive
                0x0000f074                UART_TransferGetReceiveCount
                0x0000f0d4                UART_TransferHandleIRQ
                0x0000f5e4                UART_TransferHandleErrorIRQ
                0x0000f5fa                UART0_DriverIRQHandler
                0x0000f620                UART0_RX_TX_DriverIRQHandler
                0x0000f630                UART1_DriverIRQHandler
                0x0000f658                UART1_RX_TX_DriverIRQHandler
                0x0000f668                UART2_DriverIRQHandler
                0x0000f690                UART2_RX_TX_DriverIRQHandler
                0x0000f6a0                UART3_DriverIRQHandler
                0x0000f6c8                UART3_RX_TX_DriverIRQHandler
                0x0000f6d8                UART4_DriverIRQHandler
                0x0000f700                UART4_RX_TX_DriverIRQHandler
 .text          0x0000f710     0x1738 ./drivers/screen.o
                0x0000f7a4                FTM2_IRQHandler
                0x0000f7e8                DMA2_DMA18_IRQHandler
                0x0000f81c                init_screen_modules
                0x0000faf8                init_mapping
                0x0000fd58                init_sdcard
                0x0000fdb8                screen_init
                0x0000fe64                read_config
                0x000100dc                parseTime
                0x00010130                fillEffect
                0x000101b0                screen_show
                0x00010280                updateScreen
                0x000102a0                reset_effect
                0x000102c0                setPixel
                0x00010538                getPixel
                0x000107bc                mode_rainbow_init
                0x00010804                makeColor
                0x00010944                h2rgb
                0x000109c0                rainbowUpdate
                0x00010a44                singleColorUpdate
                0x00010ad4                gammaCorrect
                0x00010b0c                americaFadeUpdate
                0x00010c6c                reset_glediator_video
                0x00010cd0                glediator_video
 .text          0x00010e48      0x45c ./drivers/ss_display_driver.o
                0x00010e48                wait_cycles
                0x00010e74                display_init
                0x00010eca                update_7seg_display
                0x00010fb0                display_set_sym
                0x00011058                display_set_raw
                0x000110f0                ss_set_err_code
                0x00011140                display_set_num
                0x00011176                delay_ms
                0x000111a2                delay_us
                0x000111d8                clock_bit
                0x000111fc                display_reset
                0x0001121c                get_serial_encode
 .text          0x000112a4      0x138 ./drivers/time.o
                0x000112c4                time_init
                0x00011304                getTimeCount
                0x00011324                get_ms_delta
                0x00011368                wait_ms_blocking
 .text          0x000113dc      0x34c ./device/system_MK66F18.o
                0x000113dc                SystemInit
                0x00011418                SystemCoreClockUpdate
                0x00011718                SystemInitHook
 .text          0x00011728        0xe ./board/board.o
                0x00011728                BOARD_InitDebugConsole
 *fill*         0x00011736        0x2 ff
 .text          0x00011738      0x27c ./board/clock_config.o
                0x00011938                BOARD_InitBootClocks
                0x00011944                BOARD_BootClockRUN
 .text          0x000119b4      0x264 ./board/peripherals.o
                0x00011ac0                eDMA_1_init
                0x00011b04                WS28XX_BIT_TIME_init
                0x00011b48                GPIO_1_init
                0x00011b56                SPI_SDCARD_init
                0x00011b78                Gen_timer_10k_init
                0x00011bd4                BOARD_InitPeripherals
                0x00011c0c                BOARD_InitBootPeripherals
 .text          0x00011c18      0x320 ./board/pin_mux.o
                0x00011cc0                BOARD_InitBootPins
                0x00011ccc                BOARD_InitPins
 .text.__main   0x00011f38        0xe c:/nxp/mcuxpressoide_10.2.1_795/ide/tools/bin/../lib/gcc/arm-none-eabi/7.2.1/../../../../arm-none-eabi/lib/thumb/v7e-m/fpv4-sp/hard\libcr_semihost_nf.a(_cr__main.o)
                0x00011f38                __CR_SEMIHOST
                0x00011f38                __main
 *fill*         0x00011f46        0x2 ff
 .text.__assertion_failed
                0x00011f48       0x4c c:/nxp/mcuxpressoide_10.2.1_795/ide/tools/bin/../lib/gcc/arm-none-eabi/7.2.1/../../../../arm-none-eabi/lib/thumb/v7e-m/fpv4-sp/hard\libcr_semihost_nf.a(_cr_assert.o)
                0x00011f48                __assertion_failed
 .text.__sys_appexit
                0x00011f94        0xc c:/nxp/mcuxpressoide_10.2.1_795/ide/tools/bin/../lib/gcc/arm-none-eabi/7.2.1/../../../../arm-none-eabi/lib/thumb/v7e-m/fpv4-sp/hard\libcr_semihost_nf.a(__sys_appexit.o)
                0x00011f94                __sys_appexit
                0x00011f94                __exit
 .text.memcpy   0x00011fa0        0x4 c:/nxp/mcuxpressoide_10.2.1_795/ide/tools/bin/../lib/gcc/arm-none-eabi/7.2.1/../../../../arm-none-eabi/lib/thumb/v7e-m/fpv4-sp/hard\libcr_c.a(memcpy.o)
                0x00011fa0                memcpy
 .text.memset   0x00011fa4        0x4 c:/nxp/mcuxpressoide_10.2.1_795/ide/tools/bin/../lib/gcc/arm-none-eabi/7.2.1/../../../../arm-none-eabi/lib/thumb/v7e-m/fpv4-sp/hard\libcr_c.a(memset.o)
                0x00011fa4                memset
 .text._deferredlazyseek
                0x00011fa8       0x40 c:/nxp/mcuxpressoide_10.2.1_795/ide/tools/bin/../lib/gcc/arm-none-eabi/7.2.1/../../../../arm-none-eabi/lib/thumb/v7e-m/fpv4-sp/hard\libcr_c.a(_deferredlazyseek.o)
                0x00011fa8                _deferredlazyseek
 .text.__flsbuf
                0x00011fe8      0x140 c:/nxp/mcuxpressoide_10.2.1_795/ide/tools/bin/../lib/gcc/arm-none-eabi/7.2.1/../../../../arm-none-eabi/lib/thumb/v7e-m/fpv4-sp/hard\libcr_c.a(_deferredlazyseek.o)
                0x00011fe8                __flsbuf
 .text._fflush  0x00012128       0x52 c:/nxp/mcuxpressoide_10.2.1_795/ide/tools/bin/../lib/gcc/arm-none-eabi/7.2.1/../../../../arm-none-eabi/lib/thumb/v7e-m/fpv4-sp/hard\libcr_c.a(_fflush.o)
                0x00012128                _fflush
 *fill*         0x0001217a        0x2 ff
 .text._Cwritebuf
                0x0001217c       0x6c c:/nxp/mcuxpressoide_10.2.1_795/ide/tools/bin/../lib/gcc/arm-none-eabi/7.2.1/../../../../arm-none-eabi/lib/thumb/v7e-m/fpv4-sp/hard\libcr_c.a(_writebuf.o)
                0x0001217c                _Cwritebuf
 .text.malloc   0x000121e8       0xc8 c:/nxp/mcuxpressoide_10.2.1_795/ide/tools/bin/../lib/gcc/arm-none-eabi/7.2.1/../../../../arm-none-eabi/lib/thumb/v7e-m/fpv4-sp/hard\libcr_c.a(alloc.o)
                0x000121e8                malloc
 .text.free     0x000122b0       0x30 c:/nxp/mcuxpressoide_10.2.1_795/ide/tools/bin/../lib/gcc/arm-none-eabi/7.2.1/../../../../arm-none-eabi/lib/thumb/v7e-m/fpv4-sp/hard\libcr_c.a(alloc.o)
                0x000122b0                free
 .text._Csys_alloc
                0x000122e0       0x20 c:/nxp/mcuxpressoide_10.2.1_795/ide/tools/bin/../lib/gcc/arm-none-eabi/7.2.1/../../../../arm-none-eabi/lib/thumb/v7e-m/fpv4-sp/hard\libcr_c.a(alloc.o)
                0x000122e0                _Csys_alloc
 .text.fputs    0x00012300       0x2c c:/nxp/mcuxpressoide_10.2.1_795/ide/tools/bin/../lib/gcc/arm-none-eabi/7.2.1/../../../../arm-none-eabi/lib/thumb/v7e-m/fpv4-sp/hard\libcr_c.a(fputs.o)
                0x00012300                fputs
 .text.fseek    0x0001232c      0x100 c:/nxp/mcuxpressoide_10.2.1_795/ide/tools/bin/../lib/gcc/arm-none-eabi/7.2.1/../../../../arm-none-eabi/lib/thumb/v7e-m/fpv4-sp/hard\libcr_c.a(fseek.o)
                0x0001232c                fseek
 .text.ftell    0x0001242c       0x44 c:/nxp/mcuxpressoide_10.2.1_795/ide/tools/bin/../lib/gcc/arm-none-eabi/7.2.1/../../../../arm-none-eabi/lib/thumb/v7e-m/fpv4-sp/hard\libcr_c.a(ftell.o)
                0x0001242c                ftell
 .text._initio  0x00012470       0x78 c:/nxp/mcuxpressoide_10.2.1_795/ide/tools/bin/../lib/gcc/arm-none-eabi/7.2.1/../../../../arm-none-eabi/lib/thumb/v7e-m/fpv4-sp/hard\libcr_c.a(initio.o)
                0x00012470                _initio
 .text.ch_val   0x000124e8       0x30 c:/nxp/mcuxpressoide_10.2.1_795/ide/tools/bin/../lib/gcc/arm-none-eabi/7.2.1/../../../../arm-none-eabi/lib/thumb/v7e-m/fpv4-sp/hard\libcr_c.a(scanf.o)
 .text._strtoul
                0x00012518       0xb8 c:/nxp/mcuxpressoide_10.2.1_795/ide/tools/bin/../lib/gcc/arm-none-eabi/7.2.1/../../../../arm-none-eabi/lib/thumb/v7e-m/fpv4-sp/hard\libcr_c.a(scanf.o)
 .text.strtol   0x000125d0       0x7c c:/nxp/mcuxpressoide_10.2.1_795/ide/tools/bin/../lib/gcc/arm-none-eabi/7.2.1/../../../../arm-none-eabi/lib/thumb/v7e-m/fpv4-sp/hard\libcr_c.a(scanf.o)
                0x000125d0                strtol
 .text.atoi     0x0001264c       0x18 c:/nxp/mcuxpressoide_10.2.1_795/ide/tools/bin/../lib/gcc/arm-none-eabi/7.2.1/../../../../arm-none-eabi/lib/thumb/v7e-m/fpv4-sp/hard\libcr_c.a(scanf.o)
                0x0001264c                atoi
 .text.setvbuf  0x00012664       0x40 c:/nxp/mcuxpressoide_10.2.1_795/ide/tools/bin/../lib/gcc/arm-none-eabi/7.2.1/../../../../arm-none-eabi/lib/thumb/v7e-m/fpv4-sp/hard\libcr_c.a(setvbuf.o)
                0x00012664                setvbuf
 .text.strcpy   0x000126a4       0x42 c:/nxp/mcuxpressoide_10.2.1_795/ide/tools/bin/../lib/gcc/arm-none-eabi/7.2.1/../../../../arm-none-eabi/lib/thumb/v7e-m/fpv4-sp/hard\libcr_c.a(strcpy.o)
                0x000126a4                strcpy
 .text.strlen   0x000126e6       0x4a c:/nxp/mcuxpressoide_10.2.1_795/ide/tools/bin/../lib/gcc/arm-none-eabi/7.2.1/../../../../arm-none-eabi/lib/thumb/v7e-m/fpv4-sp/hard\libcr_c.a(strlen.o)
                0x000126e6                strlen
 .text.strtok   0x00012730       0x40 c:/nxp/mcuxpressoide_10.2.1_795/ide/tools/bin/../lib/gcc/arm-none-eabi/7.2.1/../../../../arm-none-eabi/lib/thumb/v7e-m/fpv4-sp/hard\libcr_c.a(strtok.o)
                0x00012730                strtok
 .text._sbrk    0x00012770       0x3c c:/nxp/mcuxpressoide_10.2.1_795/ide/tools/bin/../lib/gcc/arm-none-eabi/7.2.1/../../../../arm-none-eabi/lib/thumb/v7e-m/fpv4-sp/hard\libcr_c.a(_cr_sbrk.o)
                0x00012770                _sbrk
 .text._fdopen  0x000127ac       0x68 c:/nxp/mcuxpressoide_10.2.1_795/ide/tools/bin/../lib/gcc/arm-none-eabi/7.2.1/../../../../arm-none-eabi/lib/thumb/v7e-m/fpv4-sp/hard\libcr_c.a(_fdopen.o)
                0x000127ac                _fdopen
 .text.fclose   0x00012814       0x58 c:/nxp/mcuxpressoide_10.2.1_795/ide/tools/bin/../lib/gcc/arm-none-eabi/7.2.1/../../../../arm-none-eabi/lib/thumb/v7e-m/fpv4-sp/hard\libcr_c.a(fclose.o)
                0x00012814                fclose
 .text.fflush   0x0001286c       0x44 c:/nxp/mcuxpressoide_10.2.1_795/ide/tools/bin/../lib/gcc/arm-none-eabi/7.2.1/../../../../arm-none-eabi/lib/thumb/v7e-m/fpv4-sp/hard\libcr_c.a(fflush.o)
                0x0001286c                fflush
 .text.remove   0x000128b0       0x14 c:/nxp/mcuxpressoide_10.2.1_795/ide/tools/bin/../lib/gcc/arm-none-eabi/7.2.1/../../../../arm-none-eabi/lib/thumb/v7e-m/fpv4-sp/hard\libcr_c.a(remove.o)
                0x000128b0                remove
 .text.strcspn  0x000128c4       0x20 c:/nxp/mcuxpressoide_10.2.1_795/ide/tools/bin/../lib/gcc/arm-none-eabi/7.2.1/../../../../arm-none-eabi/lib/thumb/v7e-m/fpv4-sp/hard\libcr_c.a(strcspn.o)
                0x000128c4                strcspn
 .text.strspn   0x000128e4       0x20 c:/nxp/mcuxpressoide_10.2.1_795/ide/tools/bin/../lib/gcc/arm-none-eabi/7.2.1/../../../../arm-none-eabi/lib/thumb/v7e-m/fpv4-sp/hard\libcr_c.a(strspn.o)
                0x000128e4                strspn
 .text.__check_heap_overflow
                0x00012904       0x18 c:/nxp/mcuxpressoide_10.2.1_795/ide/tools/bin/../lib/gcc/arm-none-eabi/7.2.1/../../../../arm-none-eabi/lib/thumb/v7e-m/fpv4-sp/hard\libcr_c.a(_cr_check_heap.o)
                0x00012904                __check_heap_overflow
 .text._do_fflush
                0x0001291c       0x40 c:/nxp/mcuxpressoide_10.2.1_795/ide/tools/bin/../lib/gcc/arm-none-eabi/7.2.1/../../../../arm-none-eabi/lib/thumb/v7e-m/fpv4-sp/hard\libcr_c.a(_do_fflush.o)
                0x0001291c                _do_fflush
 .text.__aeabi_memcpy
                0x0001295c       0x34 c:/nxp/mcuxpressoide_10.2.1_795/ide/tools/bin/../lib/gcc/arm-none-eabi/7.2.1/thumb/v7e-m/fpv4-sp/hard\libcr_eabihelpers.a(memcpy.o)
                0x0001295c                __aeabi_memcpy
                0x00012966                __aeabi_memcpy8
                0x00012966                __aeabi_memcpy4
 .text.__aeabi_memset_lowlevel
                0x00012990       0x32 c:/nxp/mcuxpressoide_10.2.1_795/ide/tools/bin/../lib/gcc/arm-none-eabi/7.2.1/thumb/v7e-m/fpv4-sp/hard\libcr_eabihelpers.a(memcpy.o)
                0x00012990                __aeabi_lowlevel_memset
 .text.__sys_close
                0x000129c2        0xc c:/nxp/mcuxpressoide_10.2.1_795/ide/tools/bin/../lib/gcc/arm-none-eabi/7.2.1/../../../../arm-none-eabi/lib/thumb/v7e-m/fpv4-sp/hard\libcr_semihost_nf.a(__sys_close.o)
                0x000129c2                __sys_close
 .text.__sys_flen
                0x000129ce        0xc c:/nxp/mcuxpressoide_10.2.1_795/ide/tools/bin/../lib/gcc/arm-none-eabi/7.2.1/../../../../arm-none-eabi/lib/thumb/v7e-m/fpv4-sp/hard\libcr_semihost_nf.a(__sys_flen.o)
                0x000129ce                __sys_flen
 .text.__sys_istty
                0x000129da        0xc c:/nxp/mcuxpressoide_10.2.1_795/ide/tools/bin/../lib/gcc/arm-none-eabi/7.2.1/../../../../arm-none-eabi/lib/thumb/v7e-m/fpv4-sp/hard\libcr_semihost_nf.a(__sys_istty.o)
                0x000129da                __sys_istty
 .text.__sys_remove
                0x000129e6        0xc c:/nxp/mcuxpressoide_10.2.1_795/ide/tools/bin/../lib/gcc/arm-none-eabi/7.2.1/../../../../arm-none-eabi/lib/thumb/v7e-m/fpv4-sp/hard\libcr_semihost_nf.a(__sys_remove.o)
                0x000129e6                __sys_remove
 .text.__sys_seek
                0x000129f2        0xc c:/nxp/mcuxpressoide_10.2.1_795/ide/tools/bin/../lib/gcc/arm-none-eabi/7.2.1/../../../../arm-none-eabi/lib/thumb/v7e-m/fpv4-sp/hard\libcr_semihost_nf.a(__sys_seek.o)
                0x000129f2                __sys_seek
 .text.__sys_tmpnam
                0x000129fe        0xc c:/nxp/mcuxpressoide_10.2.1_795/ide/tools/bin/../lib/gcc/arm-none-eabi/7.2.1/../../../../arm-none-eabi/lib/thumb/v7e-m/fpv4-sp/hard\libcr_semihost_nf.a(__sys_tmpnam.o)
                0x000129fe                __sys_tmpnam
 .text.__sys_write
                0x00012a0a        0xc c:/nxp/mcuxpressoide_10.2.1_795/ide/tools/bin/../lib/gcc/arm-none-eabi/7.2.1/../../../../arm-none-eabi/lib/thumb/v7e-m/fpv4-sp/hard\libcr_semihost_nf.a(__sys_write.o)
                0x00012a0a                __sys_write
 *(.rodata .rodata.* .constdata .constdata.*)
 *fill*         0x00012a16        0x2 ff
 .rodata        0x00012a18      0x8c5 ./sdmmc/src/fsl_sdspi.o
 *fill*         0x000132dd        0x3 ff
 .rodata        0x000132e0       0x26 ./fatfs/fatfs_source/ff.o
 *fill*         0x00013306        0x2 ff
 .rodata        0x00013308      0x304 ./drivers/fsl_clock.o
 .rodata        0x0001360c       0x4a ./drivers/fsl_dmamux.o
 *fill*         0x00013656        0x2 ff
 .rodata        0x00013658      0x5c5 ./drivers/fsl_dspi.o
 *fill*         0x00013c1d        0x3 ff
 .rodata        0x00013c20      0xc18 ./drivers/fsl_edma.o
 .rodata        0x00014838      0x207 ./drivers/fsl_ftm.o
 *fill*         0x00014a3f        0x1 ff
 .rodata        0x00014a40       0x8a ./drivers/fsl_gpio.o
 *fill*         0x00014aca        0x2 ff
 .rodata        0x00014acc       0x90 ./drivers/fsl_lptmr.o
 .rodata        0x00014b5c      0x4e6 ./drivers/fsl_lpuart.o
 *fill*         0x00015042        0x2 ff
 .rodata        0x00015044      0x5ad ./drivers/fsl_sdhc.o
 *fill*         0x000155f1        0x3 ff
 .rodata        0x000155f4      0x543 ./drivers/fsl_uart.o
 *fill*         0x00015b37        0x1 ff
 .rodata        0x00015b38      0x3d1 ./drivers/screen.o
                0x00015b38                xy_strip_mapping
                0x00015d54                gamma8
                0x00015e54                bell_curve
 *fill*         0x00015f09        0x3 ff
 .rodata        0x00015f0c       0x13 ./drivers/ss_display_driver.o
 *fill*         0x00015f1f        0x1 ff
 .rodata        0x00015f20       0x1c ./board/clock_config.o
                0x00015f20                mcgConfig_BOARD_BootClockRUN
                0x00015f2c                simConfig_BOARD_BootClockRUN
                0x00015f34                oscConfig_BOARD_BootClockRUN
 .rodata        0x00015f3c      0x100 ./board/peripherals.o
                0x00015fd4                eDMA_1_config
                0x00015fd8                WS28XX_BIT_TIME_config
                0x00015ff4                WS28XX_BIT_TIME_pwmSignalParams
                0x00015ffc                SPI_SDCARD_config
                0x00016020                Gen_timer_10k_config
 .rodata        0x0001603c        0x2 ./board/pin_mux.o
 .rodata.__assertion_failed.str1.1
                0x0001603e       0x15 c:/nxp/mcuxpressoide_10.2.1_795/ide/tools/bin/../lib/gcc/arm-none-eabi/7.2.1/../../../../arm-none-eabi/lib/thumb/v7e-m/fpv4-sp/hard\libcr_semihost_nf.a(_cr_assert.o)
 *fill*         0x00016053        0x1 ff
 .rodata.__num_Ciob_streams
                0x00016054        0x4 c:/nxp/mcuxpressoide_10.2.1_795/ide/tools/bin/../lib/gcc/arm-none-eabi/7.2.1/../../../../arm-none-eabi/lib/thumb/v7e-m/fpv4-sp/hard\libcr_semihost_nf.a(__ciob.o)
                0x00016054                __num_Ciob_streams
 .rodata._Csys_alloc.str1.1
                0x00016058       0x18 c:/nxp/mcuxpressoide_10.2.1_795/ide/tools/bin/../lib/gcc/arm-none-eabi/7.2.1/../../../../arm-none-eabi/lib/thumb/v7e-m/fpv4-sp/hard\libcr_c.a(alloc.o)
 .rodata._initio.str1.1
                0x00016070        0x4 c:/nxp/mcuxpressoide_10.2.1_795/ide/tools/bin/../lib/gcc/arm-none-eabi/7.2.1/../../../../arm-none-eabi/lib/thumb/v7e-m/fpv4-sp/hard\libcr_c.a(initio.o)
 .rodata.str1.1
                0x00016074        0x4 c:/nxp/mcuxpressoide_10.2.1_795/ide/tools/bin/../lib/gcc/arm-none-eabi/7.2.1/../../../../arm-none-eabi/lib/thumb/v7e-m/fpv4-sp/hard\libcr_c.a(strtok.o)
                                  0x1 (size before relaxing)
 .rodata.__ctype
                0x00016074      0x180 c:/nxp/mcuxpressoide_10.2.1_795/ide/tools/bin/../lib/gcc/arm-none-eabi/7.2.1/../../../../arm-none-eabi/lib/thumb/v7e-m/fpv4-sp/hard\libcr_c.a(ctype.o)
                0x00016074                __ctype
                0x000161f8                . = ALIGN (0x8)
 *fill*         0x000161f4        0x4 ff

.glue_7         0x000161f8        0x0
 .glue_7        0x000161f8        0x0 linker stubs

.glue_7t        0x000161f8        0x0
 .glue_7t       0x000161f8        0x0 linker stubs

.vfp11_veneer   0x000161f8        0x0
 .vfp11_veneer  0x000161f8        0x0 linker stubs

.v4_bx          0x000161f8        0x0
 .v4_bx         0x000161f8        0x0 linker stubs

.iplt           0x000161f8        0x0
 .iplt          0x000161f8        0x0 ./startup/startup_mk66f18.o

.rel.dyn        0x000161f8        0x0
 .rel.iplt      0x000161f8        0x0 ./startup/startup_mk66f18.o

.ARM.extab
 *(.ARM.extab* .gnu.linkonce.armextab.*)
                0x000161f8                __exidx_start = .

.ARM.exidx
 *(.ARM.exidx* .gnu.linkonce.armexidx.*)
                0x000161f8                __exidx_end = .
                0x000161f8                _etext = .

.m_usb_data
 *(m_usb_bdt)

.data_RAM2      0x1fff0000        0x0 load address 0x000161f8
 FILL mask 0xff
                [!provide]                PROVIDE (__start_data_RAM2, .)
 *(.ramfunc.$RAM2)
 *(.ramfunc.$SRAM_LOWER)
 *(.data.$RAM2*)
 *(.data.$SRAM_LOWER*)
                0x1fff0000                . = ALIGN (0x8)
                [!provide]                PROVIDE (__end_data_RAM2, .)

.data_RAM3      0x14000000        0x0 load address 0x000161f8
 FILL mask 0xff
                [!provide]                PROVIDE (__start_data_RAM3, .)
 *(.ramfunc.$RAM3)
 *(.ramfunc.$FLEX_RAM)
 *(.data.$RAM3*)
 *(.data.$FLEX_RAM*)
                0x14000000                . = ALIGN (0x8)
                [!provide]                PROVIDE (__end_data_RAM3, .)

.uninit_RESERVED
                0x20000000        0x0
 *(.bss.$RESERVED*)
                0x20000000                . = ALIGN (0x4)
                0x20000000                _end_uninit_RESERVED = .

.data           0x20000000       0x88 load address 0x000161f8
 FILL mask 0xff
                0x20000000                _data = .
 *(vtable)
 *(.ramfunc*)
 *(.data*)
 .data          0x20000000       0x10 ./drivers/button.o
                0x20000000                pButtons
                0x20000004                ftm_debounce
                0x2000000c                countdown
 .data          0x20000010        0x8 ./drivers/fsl_clock.o
 .data          0x20000018       0x18 ./drivers/screen.o
                0x20000018                ones
                0x2000001c                p_dma_regs
                0x20000020                p_ftm_regs
                0x20000024                p_dma_mux_regs
                0x20000028                p_porta_regs
                0x2000002c                p_lptimer_regs
 .data          0x20000030       0x50 ./drivers/ss_display_driver.o
                0x20000030                ss_numbers
                0x20000058                ss_symbols
                0x20000078                ss_sym_lookup
 .data          0x20000080        0x4 ./device/system_MK66F18.o
                0x20000080                SystemCoreClock
 .data.saves1.5132
                0x20000084        0x4 c:/nxp/mcuxpressoide_10.2.1_795/ide/tools/bin/../lib/gcc/arm-none-eabi/7.2.1/../../../../arm-none-eabi/lib/thumb/v7e-m/fpv4-sp/hard\libcr_c.a(strtok.o)
                0x20000088                . = ALIGN (0x8)
                0x20000088                _edata = .

.igot.plt       0x20000088        0x0 load address 0x00016280
 .igot.plt      0x20000088        0x0 ./startup/startup_mk66f18.o

.bss_RAM2       0x1fff0000        0x0
                [!provide]                PROVIDE (__start_bss_RAM2, .)
 *(.bss.$RAM2*)
 *(.bss.$SRAM_LOWER*)
                0x1fff0000                . = ALIGN ((. != 0x0)?0x8:0x1)
                [!provide]                PROVIDE (__end_bss_RAM2, .)

.bss_RAM3       0x14000000        0x0
                [!provide]                PROVIDE (__start_bss_RAM3, .)
 *(.bss.$RAM3*)
 *(.bss.$FLEX_RAM*)
                0x14000000                . = ALIGN ((. != 0x0)?0x8:0x1)
                [!provide]                PROVIDE (__end_bss_RAM3, .)

.bss            0x20000088     0x3940
                0x20000088                _bss = .
 *(.bss*)
 .bss           0x20000088        0xc ./sdmmc/src/fsl_sdmmc_event.o
                0x20000090                g_eventTimeMilliseconds
 .bss           0x20000094       0x17 ./fatfs/fatfs_source/ff.o
 *fill*         0x200000ab        0x1 
 .bss           0x200000ac       0x88 ./fatfs/fatfs_source/fsl_sdspi_disk.o
                0x200000ac                g_card
                0x20000128                g_host
 .bss           0x20000134       0x64 ./drivers/button.o
                0x2000017c                button_1_state
                0x2000017d                button_2_state
                0x2000018c                flag_button_changed_operation
 .bss           0x20000198        0xc ./drivers/fsl_clock.o
                0x2000019c                g_xtal0Freq
                0x200001a0                g_xtal32Freq
 .bss           0x200001a4       0x17 ./drivers/fsl_dspi.o
                0x200001b8                g_dspiDummyData
 *fill*         0x200001bb        0x1 
 .bss           0x200001bc       0x81 ./drivers/fsl_edma.o
 *fill*         0x2000023d        0x3 
 .bss           0x20000240        0x8 ./drivers/fsl_lpuart.o
 .bss           0x20000248        0x8 ./drivers/fsl_sdhc.o
 .bss           0x20000250       0x18 ./drivers/fsl_uart.o
 .bss           0x20000268     0x3674 ./drivers/screen.o
                0x20000268                screen
                0x20001528                update_in_progress
                0x2000152c                update_time
                0x20001530                update_period_ms
                0x20001534                map
                0x20003158                pSongs
                0x200031a8                fs
                0x200033d4                pPrevEffect
                0x200033d8                pCurrEffect
                0x200033dc                rainbowColors
                0x200036ac                colorIdx
                0x200036b0                vid_fil
 .bss           0x200038dc       0x10 ./drivers/ss_display_driver.o
                0x200038e0                left_num
                0x200038e4                right_num
 .bss           0x200038ec       0x18 ./board/peripherals.o
                0x200038ec                eDMA_1_dummy_Handle
 .bss.__Ciob    0x20003904       0xb4 c:/nxp/mcuxpressoide_10.2.1_795/ide/tools/bin/../lib/gcc/arm-none-eabi/7.2.1/../../../../arm-none-eabi/lib/thumb/v7e-m/fpv4-sp/hard\libcr_semihost_nf.a(__ciob.o)
                0x20003904                __Ciob
 .bss.__end_of_heap
                0x200039b8        0x4 c:/nxp/mcuxpressoide_10.2.1_795/ide/tools/bin/../lib/gcc/arm-none-eabi/7.2.1/../../../../arm-none-eabi/lib/thumb/v7e-m/fpv4-sp/hard\libcr_c.a(__init_alloc.o)
                0x200039b8                __end_of_heap
 .bss.__heaps   0x200039bc        0x4 c:/nxp/mcuxpressoide_10.2.1_795/ide/tools/bin/../lib/gcc/arm-none-eabi/7.2.1/../../../../arm-none-eabi/lib/thumb/v7e-m/fpv4-sp/hard\libcr_c.a(__init_alloc.o)
                0x200039bc                __heaps
 .bss.errno     0x200039c0        0x4 c:/nxp/mcuxpressoide_10.2.1_795/ide/tools/bin/../lib/gcc/arm-none-eabi/7.2.1/../../../../arm-none-eabi/lib/thumb/v7e-m/fpv4-sp/hard\libcr_c.a(errno.o)
                0x200039c0                errno
 *(COMMON)
                0x200039c8                . = ALIGN (0x8)
 *fill*         0x200039c4        0x4 
                0x200039c8                _ebss = .
                [!provide]                PROVIDE (end, .)

.noinit_RAM2    0x1fff0000        0x0
 *(.noinit.$RAM2*)
 *(.noinit.$SRAM_LOWER*)
                0x1fff0000                . = ALIGN (0x8)

.noinit_RAM3    0x14000000        0x0
 *(.noinit.$RAM3*)
 *(.noinit.$FLEX_RAM*)
                0x14000000                . = ALIGN (0x8)

.noinit         0x200039c8        0x0
                0x200039c8                _noinit = .
 *(.noinit*)
                0x200039c8                . = ALIGN (0x8)
                0x200039c8                _end_noinit = .
                0x00001000                _HeapSize = 0x1000

.heap           0x200039c8     0x1000
                0x200039c8                _pvHeapStart = .
                0x200049c8                . = (. + _HeapSize)
 *fill*         0x200039c8     0x1000 
                0x200049c8                . = ALIGN (0x8)
                0x200049c8                _pvHeapLimit = .
                0x00001000                _StackSize = 0x1000

.heap2stackfill
                0x200049c8     0x1000
                0x200059c8                . = (. + _StackSize)
 *fill*         0x200049c8     0x1000 

.stack          0x2002f000        0x0
                0x2002f000                _vStackBase = .
                0x2002f000                . = ALIGN (0x8)
                0x20030000                _vStackTop = (. + _StackSize)
                0x00000000                _image_start = LOADADDR (.text)
                0x00016280                _image_end = (LOADADDR (.data) + SIZEOF (.data))
                0x00016280                _image_size = (_image_end - _image_start)
OUTPUT(MK66FX1M0__PWM_GPIO.axf elf32-littlearm)

.debug_info     0x00000000    0x1f2ad
 .debug_info    0x00000000      0x9ac ./startup/startup_mk66f18.o
 .debug_info    0x000009ac     0x14af ./source/main.o
 .debug_info    0x00001e5b       0x3b ./source/semihost_hardfault.o
 .debug_info    0x00001e96      0xbda ./sdmmc/src/fsl_sdmmc_event.o
 .debug_info    0x00002a70     0x1388 ./sdmmc/src/fsl_sdspi.o
 .debug_info    0x00003df8      0x2eb ./fatfs/fatfs_source/diskio.o
 .debug_info    0x000040e3     0x12df ./fatfs/fatfs_source/ff.o
 .debug_info    0x000053c2     0x112d ./fatfs/fatfs_source/fsl_sdspi_disk.o
 .debug_info    0x000064ef     0x145f ./drivers/button.o
 .debug_info    0x0000794e     0x261d ./drivers/fsl_clock.o
 .debug_info    0x00009f6b      0x6dd ./drivers/fsl_dmamux.o
 .debug_info    0x0000a648     0x23fe ./drivers/fsl_dspi.o
 .debug_info    0x0000ca46     0x2853 ./drivers/fsl_edma.o
 .debug_info    0x0000f299     0x1429 ./drivers/fsl_ftm.o
 .debug_info    0x000106c2      0x6a4 ./drivers/fsl_gpio.o
 .debug_info    0x00010d66      0x8ea ./drivers/fsl_lptmr.o
 .debug_info    0x00011650     0x194e ./drivers/fsl_lpuart.o
 .debug_info    0x00012f9e     0x2294 ./drivers/fsl_sdhc.o
 .debug_info    0x00015232     0x1b6f ./drivers/fsl_uart.o
 .debug_info    0x00016da1     0x2f11 ./drivers/screen.o
 .debug_info    0x00019cb2     0x1404 ./drivers/ss_display_driver.o
 .debug_info    0x0001b0b6      0x3d4 ./drivers/time.o
 .debug_info    0x0001b48a      0x9ef ./device/system_MK66F18.o
 .debug_info    0x0001be79       0xb6 ./board/board.o
 .debug_info    0x0001bf2f      0xedd ./board/clock_config.o
 .debug_info    0x0001ce0c     0x1bbd ./board/peripherals.o
 .debug_info    0x0001e9c9      0x8e4 ./board/pin_mux.o

.debug_abbrev   0x00000000     0x3b4e
 .debug_abbrev  0x00000000      0x15c ./startup/startup_mk66f18.o
 .debug_abbrev  0x0000015c      0x29b ./source/main.o
 .debug_abbrev  0x000003f7       0x2f ./source/semihost_hardfault.o
 .debug_abbrev  0x00000426      0x23d ./sdmmc/src/fsl_sdmmc_event.o
 .debug_abbrev  0x00000663      0x24f ./sdmmc/src/fsl_sdspi.o
 .debug_abbrev  0x000008b2      0x139 ./fatfs/fatfs_source/diskio.o
 .debug_abbrev  0x000009eb      0x1a4 ./fatfs/fatfs_source/ff.o
 .debug_abbrev  0x00000b8f      0x232 ./fatfs/fatfs_source/fsl_sdspi_disk.o
 .debug_abbrev  0x00000dc1      0x2bc ./drivers/button.o
 .debug_abbrev  0x0000107d      0x310 ./drivers/fsl_clock.o
 .debug_abbrev  0x0000138d      0x190 ./drivers/fsl_dmamux.o
 .debug_abbrev  0x0000151d      0x33e ./drivers/fsl_dspi.o
 .debug_abbrev  0x0000185b      0x398 ./drivers/fsl_edma.o
 .debug_abbrev  0x00001bf3      0x279 ./drivers/fsl_ftm.o
 .debug_abbrev  0x00001e6c      0x1ae ./drivers/fsl_gpio.o
 .debug_abbrev  0x0000201a      0x1ae ./drivers/fsl_lptmr.o
 .debug_abbrev  0x000021c8      0x2d1 ./drivers/fsl_lpuart.o
 .debug_abbrev  0x00002499      0x2b3 ./drivers/fsl_sdhc.o
 .debug_abbrev  0x0000274c      0x303 ./drivers/fsl_uart.o
 .debug_abbrev  0x00002a4f      0x447 ./drivers/screen.o
 .debug_abbrev  0x00002e96      0x2b1 ./drivers/ss_display_driver.o
 .debug_abbrev  0x00003147      0x199 ./drivers/time.o
 .debug_abbrev  0x000032e0      0x154 ./device/system_MK66F18.o
 .debug_abbrev  0x00003434       0x85 ./board/board.o
 .debug_abbrev  0x000034b9      0x228 ./board/clock_config.o
 .debug_abbrev  0x000036e1      0x28d ./board/peripherals.o
 .debug_abbrev  0x0000396e      0x1e0 ./board/pin_mux.o

.debug_aranges  0x00000000      0x3c8
 .debug_aranges
                0x00000000       0x88 ./startup/startup_mk66f18.o
 .debug_aranges
                0x00000088       0x20 ./source/main.o
 .debug_aranges
                0x000000a8       0x20 ./source/semihost_hardfault.o
 .debug_aranges
                0x000000c8       0x20 ./sdmmc/src/fsl_sdmmc_event.o
 .debug_aranges
                0x000000e8       0x20 ./sdmmc/src/fsl_sdspi.o
 .debug_aranges
                0x00000108       0x20 ./fatfs/fatfs_source/diskio.o
 .debug_aranges
                0x00000128       0x20 ./fatfs/fatfs_source/ff.o
 .debug_aranges
                0x00000148       0x20 ./fatfs/fatfs_source/fsl_sdspi_disk.o
 .debug_aranges
                0x00000168       0x20 ./drivers/button.o
 .debug_aranges
                0x00000188       0x20 ./drivers/fsl_clock.o
 .debug_aranges
                0x000001a8       0x20 ./drivers/fsl_dmamux.o
 .debug_aranges
                0x000001c8       0x20 ./drivers/fsl_dspi.o
 .debug_aranges
                0x000001e8       0x20 ./drivers/fsl_edma.o
 .debug_aranges
                0x00000208       0x20 ./drivers/fsl_ftm.o
 .debug_aranges
                0x00000228       0x20 ./drivers/fsl_gpio.o
 .debug_aranges
                0x00000248       0x20 ./drivers/fsl_lptmr.o
 .debug_aranges
                0x00000268       0x20 ./drivers/fsl_lpuart.o
 .debug_aranges
                0x00000288       0x20 ./drivers/fsl_sdhc.o
 .debug_aranges
                0x000002a8       0x20 ./drivers/fsl_uart.o
 .debug_aranges
                0x000002c8       0x20 ./drivers/screen.o
 .debug_aranges
                0x000002e8       0x20 ./drivers/ss_display_driver.o
 .debug_aranges
                0x00000308       0x20 ./drivers/time.o
 .debug_aranges
                0x00000328       0x20 ./device/system_MK66F18.o
 .debug_aranges
                0x00000348       0x20 ./board/board.o
 .debug_aranges
                0x00000368       0x20 ./board/clock_config.o
 .debug_aranges
                0x00000388       0x20 ./board/peripherals.o
 .debug_aranges
                0x000003a8       0x20 ./board/pin_mux.o

.debug_ranges   0x00000000       0x90
 .debug_ranges  0x00000000       0x78 ./startup/startup_mk66f18.o
 .debug_ranges  0x00000078       0x18 ./drivers/screen.o

.debug_macro    0x00000000    0x19e20
 .debug_macro   0x00000000       0x29 ./startup/startup_mk66f18.o
 .debug_macro   0x00000029      0x1fd ./source/main.o
 .debug_macro   0x00000226       0x16 ./source/main.o
 .debug_macro   0x0000023c       0x10 ./source/main.o
 .debug_macro   0x0000024c       0x6a ./source/main.o
 .debug_macro   0x000002b6      0x105 ./source/main.o
 .debug_macro   0x000003bb       0xef ./source/main.o
 .debug_macro   0x000004aa       0x10 ./source/main.o
 .debug_macro   0x000004ba       0x10 ./source/main.o
 .debug_macro   0x000004ca       0x10 ./source/main.o
 .debug_macro   0x000004da       0x10 ./source/main.o
 .debug_macro   0x000004ea       0x40 ./source/main.o
 .debug_macro   0x0000052a       0x88 ./source/main.o
 .debug_macro   0x000005b2       0x22 ./source/main.o
 .debug_macro   0x000005d4       0x28 ./source/main.o
 .debug_macro   0x000005fc       0x58 ./source/main.o
 .debug_macro   0x00000654       0xca ./source/main.o
 .debug_macro   0x0000071e       0x1c ./source/main.o
 .debug_macro   0x0000073a       0x40 ./source/main.o
 .debug_macro   0x0000077a       0x11 ./source/semihost_hardfault.o
 .debug_macro   0x0000078b       0xfd ./sdmmc/src/fsl_sdmmc_event.o
 .debug_macro   0x00000888      0x13e ./sdmmc/src/fsl_sdspi.o
 .debug_macro   0x000009c6       0x22 ./sdmmc/src/fsl_sdspi.o
 .debug_macro   0x000009e8      0x137 ./fatfs/fatfs_source/diskio.o
 .debug_macro   0x00000b1f       0xb2 ./fatfs/fatfs_source/diskio.o
 .debug_macro   0x00000bd1       0x22 ./fatfs/fatfs_source/diskio.o
 .debug_macro   0x00000bf3      0x4a9 ./fatfs/fatfs_source/ff.o
 .debug_macro   0x0000109c       0xb8 ./fatfs/fatfs_source/ff.o
 .debug_macro   0x00001154      0x177 ./fatfs/fatfs_source/fsl_sdspi_disk.o
 .debug_macro   0x000012cb       0xd8 ./fatfs/fatfs_source/fsl_sdspi_disk.o
 .debug_macro   0x000013a3       0x3a ./fatfs/fatfs_source/fsl_sdspi_disk.o
 .debug_macro   0x000013dd      0x1b0 ./drivers/button.o
 .debug_macro   0x0000158d      0x1cb ./drivers/fsl_clock.o
 .debug_macro   0x00001758      0x109 ./drivers/fsl_dmamux.o
 .debug_macro   0x00001861      0x108 ./drivers/fsl_dspi.o
 .debug_macro   0x00001969      0x10e ./drivers/fsl_edma.o
 .debug_macro   0x00001a77      0x103 ./drivers/fsl_ftm.o
 .debug_macro   0x00001b7a      0x103 ./drivers/fsl_gpio.o
 .debug_macro   0x00001c7d      0x103 ./drivers/fsl_lptmr.o
 .debug_macro   0x00001d80      0x103 ./drivers/fsl_lpuart.o
 .debug_macro   0x00001e83      0x11a ./drivers/fsl_sdhc.o
 .debug_macro   0x00001f9d       0x64 ./drivers/fsl_sdhc.o
 .debug_macro   0x00002001      0x109 ./drivers/fsl_uart.o
 .debug_macro   0x0000210a      0x235 ./drivers/screen.o
 .debug_macro   0x0000233f       0x22 ./drivers/screen.o
 .debug_macro   0x00002361      0x1c5 ./drivers/ss_display_driver.o
 .debug_macro   0x00002526      0x117 ./drivers/time.o
 .debug_macro   0x0000263d       0x98 ./device/system_MK66F18.o
 .debug_macro   0x000026d5       0x10 ./device/system_MK66F18.o
 .debug_macro   0x000026e5       0x56 ./device/system_MK66F18.o
 .debug_macro   0x0000273b       0x40 ./device/system_MK66F18.o
 .debug_macro   0x0000277b    0x15ebc ./device/system_MK66F18.o
 .debug_macro   0x00018637     0x1400 ./device/system_MK66F18.o
 .debug_macro   0x00019a37       0x45 ./board/board.o
 .debug_macro   0x00019a7c      0x13a ./board/clock_config.o
 .debug_macro   0x00019bb6       0x16 ./board/clock_config.o
 .debug_macro   0x00019bcc      0x146 ./board/peripherals.o
 .debug_macro   0x00019d12      0x10e ./board/pin_mux.o

.debug_line     0x00000000     0x71ee
 .debug_line    0x00000000      0x202 ./startup/startup_mk66f18.o
 .debug_line    0x00000202      0x374 ./source/main.o
 .debug_line    0x00000576       0x54 ./source/semihost_hardfault.o
 .debug_line    0x000005ca      0x282 ./sdmmc/src/fsl_sdmmc_event.o
 .debug_line    0x0000084c      0x77f ./sdmmc/src/fsl_sdspi.o
 .debug_line    0x00000fcb      0x2b4 ./fatfs/fatfs_source/diskio.o
 .debug_line    0x0000127f      0x81d ./fatfs/fatfs_source/ff.o
 .debug_line    0x00001a9c      0x326 ./fatfs/fatfs_source/fsl_sdspi_disk.o
 .debug_line    0x00001dc2      0x37b ./drivers/button.o
 .debug_line    0x0000213d      0x76b ./drivers/fsl_clock.o
 .debug_line    0x000028a8      0x22e ./drivers/fsl_dmamux.o
 .debug_line    0x00002ad6      0x813 ./drivers/fsl_dspi.o
 .debug_line    0x000032e9      0xa1e ./drivers/fsl_edma.o
 .debug_line    0x00003d07      0x569 ./drivers/fsl_ftm.o
 .debug_line    0x00004270      0x23a ./drivers/fsl_gpio.o
 .debug_line    0x000044aa      0x24e ./drivers/fsl_lptmr.o
 .debug_line    0x000046f8      0x555 ./drivers/fsl_lpuart.o
 .debug_line    0x00004c4d      0x672 ./drivers/fsl_sdhc.o
 .debug_line    0x000052bf      0x70d ./drivers/fsl_uart.o
 .debug_line    0x000059cc      0x757 ./drivers/screen.o
 .debug_line    0x00006123      0x3e3 ./drivers/ss_display_driver.o
 .debug_line    0x00006506      0x23a ./drivers/time.o
 .debug_line    0x00006740      0x208 ./device/system_MK66F18.o
 .debug_line    0x00006948      0x104 ./board/board.o
 .debug_line    0x00006a4c      0x268 ./board/clock_config.o
 .debug_line    0x00006cb4      0x2c9 ./board/peripherals.o
 .debug_line    0x00006f7d      0x271 ./board/pin_mux.o

.debug_str      0x00000000    0xc96e6
 .debug_str     0x00000000     0x36d7 ./startup/startup_mk66f18.o
                               0x3798 (size before relaxing)
 .debug_str     0x000036d7    0xb3863 ./source/main.o
                              0xb6723 (size before relaxing)
 .debug_str     0x000b6f3a       0x1f ./source/semihost_hardfault.o
                               0x2da0 (size before relaxing)
 .debug_str     0x000b6f59     0x10cc ./sdmmc/src/fsl_sdmmc_event.o
                              0xb4d5f (size before relaxing)
 .debug_str     0x000b8025     0x27ff ./sdmmc/src/fsl_sdspi.o
                              0xb642f (size before relaxing)
 .debug_str     0x000ba824      0x2e8 ./fatfs/fatfs_source/diskio.o
                              0xb435e (size before relaxing)
 .debug_str     0x000bab0c     0x3b08 ./fatfs/fatfs_source/ff.o
                               0x7067 (size before relaxing)
 .debug_str     0x000be614      0x405 ./fatfs/fatfs_source/fsl_sdspi_disk.o
                              0xb710f (size before relaxing)
 .debug_str     0x000bea19      0x148 ./drivers/button.o
                              0xb6159 (size before relaxing)
 .debug_str     0x000beb61     0x1ef0 ./drivers/fsl_clock.o
                              0xb685d (size before relaxing)
 .debug_str     0x000c0a51       0xab ./drivers/fsl_dmamux.o
                              0xb4755 (size before relaxing)
 .debug_str     0x000c0afc      0xc73 ./drivers/fsl_dspi.o
                              0xb622f (size before relaxing)
 .debug_str     0x000c176f     0x1031 ./drivers/fsl_edma.o
                              0xb63c9 (size before relaxing)
 .debug_str     0x000c27a0      0xab8 ./drivers/fsl_ftm.o
                              0xb55c4 (size before relaxing)
 .debug_str     0x000c3258      0x16c ./drivers/fsl_gpio.o
                              0xb4512 (size before relaxing)
 .debug_str     0x000c33c4      0x4a7 ./drivers/fsl_lptmr.o
                              0xb4b63 (size before relaxing)
 .debug_str     0x000c386b      0xde6 ./drivers/fsl_lpuart.o
                              0xb5c52 (size before relaxing)
 .debug_str     0x000c4651     0x1509 ./drivers/fsl_sdhc.o
                              0xb6776 (size before relaxing)
 .debug_str     0x000c5b5a      0x94a ./drivers/fsl_uart.o
                              0xb5c41 (size before relaxing)
 .debug_str     0x000c64a4     0x20b1 ./drivers/screen.o
                              0xba0be (size before relaxing)
 .debug_str     0x000c8555      0x175 ./drivers/ss_display_driver.o
                              0xb61a4 (size before relaxing)
 .debug_str     0x000c86ca       0x5c ./drivers/time.o
                              0xb40d8 (size before relaxing)
 .debug_str     0x000c8726      0x1e5 ./device/system_MK66F18.o
                              0xb2fcd (size before relaxing)
 .debug_str     0x000c890b       0x28 ./board/board.o
                               0x4647 (size before relaxing)
 .debug_str     0x000c8933      0x254 ./board/clock_config.o
                              0xb4e4d (size before relaxing)
 .debug_str     0x000c8b87      0x978 ./board/peripherals.o
                              0xb6b49 (size before relaxing)
 .debug_str     0x000c94ff      0x1e7 ./board/pin_mux.o
                              0xb47e1 (size before relaxing)

.comment        0x00000000       0x7e
 .comment       0x00000000       0x7e ./startup/startup_mk66f18.o
                                 0x7f (size before relaxing)
 .comment       0x0000007e       0x7f ./source/main.o
 .comment       0x0000007e       0x7f ./source/semihost_hardfault.o
 .comment       0x0000007e       0x7f ./sdmmc/src/fsl_sdmmc_event.o
 .comment       0x0000007e       0x7f ./sdmmc/src/fsl_sdspi.o
 .comment       0x0000007e       0x7f ./fatfs/fatfs_source/diskio.o
 .comment       0x0000007e       0x7f ./fatfs/fatfs_source/ff.o
 .comment       0x0000007e       0x7f ./fatfs/fatfs_source/fsl_sdspi_disk.o
 .comment       0x0000007e       0x7f ./drivers/button.o
 .comment       0x0000007e       0x7f ./drivers/fsl_clock.o
 .comment       0x0000007e       0x7f ./drivers/fsl_dmamux.o
 .comment       0x0000007e       0x7f ./drivers/fsl_dspi.o
 .comment       0x0000007e       0x7f ./drivers/fsl_edma.o
 .comment       0x0000007e       0x7f ./drivers/fsl_ftm.o
 .comment       0x0000007e       0x7f ./drivers/fsl_gpio.o
 .comment       0x0000007e       0x7f ./drivers/fsl_lptmr.o
 .comment       0x0000007e       0x7f ./drivers/fsl_lpuart.o
 .comment       0x0000007e       0x7f ./drivers/fsl_sdhc.o
 .comment       0x0000007e       0x7f ./drivers/fsl_uart.o
 .comment       0x0000007e       0x7f ./drivers/screen.o
 .comment       0x0000007e       0x7f ./drivers/ss_display_driver.o
 .comment       0x0000007e       0x7f ./drivers/time.o
 .comment       0x0000007e       0x7f ./device/system_MK66F18.o
 .comment       0x0000007e       0x7f ./board/board.o
 .comment       0x0000007e       0x7f ./board/clock_config.o
 .comment       0x0000007e       0x7f ./board/peripherals.o
 .comment       0x0000007e       0x7f ./board/pin_mux.o
 .comment       0x0000007e       0x7f c:/nxp/mcuxpressoide_10.2.1_795/ide/tools/bin/../lib/gcc/arm-none-eabi/7.2.1/../../../../arm-none-eabi/lib/thumb/v7e-m/fpv4-sp/hard\libcr_semihost_nf.a(_cr__main.o)
 .comment       0x0000007e       0x7f c:/nxp/mcuxpressoide_10.2.1_795/ide/tools/bin/../lib/gcc/arm-none-eabi/7.2.1/../../../../arm-none-eabi/lib/thumb/v7e-m/fpv4-sp/hard\libcr_semihost_nf.a(_cr_assert.o)
 .comment       0x0000007e       0x7f c:/nxp/mcuxpressoide_10.2.1_795/ide/tools/bin/../lib/gcc/arm-none-eabi/7.2.1/../../../../arm-none-eabi/lib/thumb/v7e-m/fpv4-sp/hard\libcr_semihost_nf.a(__ciob.o)
 .comment       0x0000007e       0x7f c:/nxp/mcuxpressoide_10.2.1_795/ide/tools/bin/../lib/gcc/arm-none-eabi/7.2.1/../../../../arm-none-eabi/lib/thumb/v7e-m/fpv4-sp/hard\libcr_c.a(memcpy.o)
 .comment       0x0000007e       0x7f c:/nxp/mcuxpressoide_10.2.1_795/ide/tools/bin/../lib/gcc/arm-none-eabi/7.2.1/../../../../arm-none-eabi/lib/thumb/v7e-m/fpv4-sp/hard\libcr_c.a(memset.o)
 .comment       0x0000007e       0x7f c:/nxp/mcuxpressoide_10.2.1_795/ide/tools/bin/../lib/gcc/arm-none-eabi/7.2.1/../../../../arm-none-eabi/lib/thumb/v7e-m/fpv4-sp/hard\libcr_c.a(_deferredlazyseek.o)
 .comment       0x0000007e       0x7f c:/nxp/mcuxpressoide_10.2.1_795/ide/tools/bin/../lib/gcc/arm-none-eabi/7.2.1/../../../../arm-none-eabi/lib/thumb/v7e-m/fpv4-sp/hard\libcr_c.a(_fflush.o)
 .comment       0x0000007e       0x7f c:/nxp/mcuxpressoide_10.2.1_795/ide/tools/bin/../lib/gcc/arm-none-eabi/7.2.1/../../../../arm-none-eabi/lib/thumb/v7e-m/fpv4-sp/hard\libcr_c.a(_writebuf.o)
 .comment       0x0000007e       0x7f c:/nxp/mcuxpressoide_10.2.1_795/ide/tools/bin/../lib/gcc/arm-none-eabi/7.2.1/../../../../arm-none-eabi/lib/thumb/v7e-m/fpv4-sp/hard\libcr_c.a(alloc.o)
 .comment       0x0000007e       0x7f c:/nxp/mcuxpressoide_10.2.1_795/ide/tools/bin/../lib/gcc/arm-none-eabi/7.2.1/../../../../arm-none-eabi/lib/thumb/v7e-m/fpv4-sp/hard\libcr_c.a(fputs.o)
 .comment       0x0000007e       0x7f c:/nxp/mcuxpressoide_10.2.1_795/ide/tools/bin/../lib/gcc/arm-none-eabi/7.2.1/../../../../arm-none-eabi/lib/thumb/v7e-m/fpv4-sp/hard\libcr_c.a(fseek.o)
 .comment       0x0000007e       0x7f c:/nxp/mcuxpressoide_10.2.1_795/ide/tools/bin/../lib/gcc/arm-none-eabi/7.2.1/../../../../arm-none-eabi/lib/thumb/v7e-m/fpv4-sp/hard\libcr_c.a(ftell.o)
 .comment       0x0000007e       0x7f c:/nxp/mcuxpressoide_10.2.1_795/ide/tools/bin/../lib/gcc/arm-none-eabi/7.2.1/../../../../arm-none-eabi/lib/thumb/v7e-m/fpv4-sp/hard\libcr_c.a(initio.o)
 .comment       0x0000007e       0x7f c:/nxp/mcuxpressoide_10.2.1_795/ide/tools/bin/../lib/gcc/arm-none-eabi/7.2.1/../../../../arm-none-eabi/lib/thumb/v7e-m/fpv4-sp/hard\libcr_c.a(scanf.o)
 .comment       0x0000007e       0x7f c:/nxp/mcuxpressoide_10.2.1_795/ide/tools/bin/../lib/gcc/arm-none-eabi/7.2.1/../../../../arm-none-eabi/lib/thumb/v7e-m/fpv4-sp/hard\libcr_c.a(setvbuf.o)
 .comment       0x0000007e       0x7f c:/nxp/mcuxpressoide_10.2.1_795/ide/tools/bin/../lib/gcc/arm-none-eabi/7.2.1/../../../../arm-none-eabi/lib/thumb/v7e-m/fpv4-sp/hard\libcr_c.a(strcpy.o)
 .comment       0x0000007e       0x7f c:/nxp/mcuxpressoide_10.2.1_795/ide/tools/bin/../lib/gcc/arm-none-eabi/7.2.1/../../../../arm-none-eabi/lib/thumb/v7e-m/fpv4-sp/hard\libcr_c.a(strlen.o)
 .comment       0x0000007e       0x7f c:/nxp/mcuxpressoide_10.2.1_795/ide/tools/bin/../lib/gcc/arm-none-eabi/7.2.1/../../../../arm-none-eabi/lib/thumb/v7e-m/fpv4-sp/hard\libcr_c.a(strtok.o)
 .comment       0x0000007e       0x7f c:/nxp/mcuxpressoide_10.2.1_795/ide/tools/bin/../lib/gcc/arm-none-eabi/7.2.1/../../../../arm-none-eabi/lib/thumb/v7e-m/fpv4-sp/hard\libcr_c.a(__init_alloc.o)
 .comment       0x0000007e       0x7f c:/nxp/mcuxpressoide_10.2.1_795/ide/tools/bin/../lib/gcc/arm-none-eabi/7.2.1/../../../../arm-none-eabi/lib/thumb/v7e-m/fpv4-sp/hard\libcr_c.a(_cr_sbrk.o)
 .comment       0x0000007e       0x7f c:/nxp/mcuxpressoide_10.2.1_795/ide/tools/bin/../lib/gcc/arm-none-eabi/7.2.1/../../../../arm-none-eabi/lib/thumb/v7e-m/fpv4-sp/hard\libcr_c.a(_fdopen.o)
 .comment       0x0000007e       0x7f c:/nxp/mcuxpressoide_10.2.1_795/ide/tools/bin/../lib/gcc/arm-none-eabi/7.2.1/../../../../arm-none-eabi/lib/thumb/v7e-m/fpv4-sp/hard\libcr_c.a(ctype.o)
 .comment       0x0000007e       0x7f c:/nxp/mcuxpressoide_10.2.1_795/ide/tools/bin/../lib/gcc/arm-none-eabi/7.2.1/../../../../arm-none-eabi/lib/thumb/v7e-m/fpv4-sp/hard\libcr_c.a(errno.o)
 .comment       0x0000007e       0x7f c:/nxp/mcuxpressoide_10.2.1_795/ide/tools/bin/../lib/gcc/arm-none-eabi/7.2.1/../../../../arm-none-eabi/lib/thumb/v7e-m/fpv4-sp/hard\libcr_c.a(fclose.o)
 .comment       0x0000007e       0x7f c:/nxp/mcuxpressoide_10.2.1_795/ide/tools/bin/../lib/gcc/arm-none-eabi/7.2.1/../../../../arm-none-eabi/lib/thumb/v7e-m/fpv4-sp/hard\libcr_c.a(fflush.o)
 .comment       0x0000007e       0x7f c:/nxp/mcuxpressoide_10.2.1_795/ide/tools/bin/../lib/gcc/arm-none-eabi/7.2.1/../../../../arm-none-eabi/lib/thumb/v7e-m/fpv4-sp/hard\libcr_c.a(remove.o)
 .comment       0x0000007e       0x7f c:/nxp/mcuxpressoide_10.2.1_795/ide/tools/bin/../lib/gcc/arm-none-eabi/7.2.1/../../../../arm-none-eabi/lib/thumb/v7e-m/fpv4-sp/hard\libcr_c.a(strcspn.o)
 .comment       0x0000007e       0x7f c:/nxp/mcuxpressoide_10.2.1_795/ide/tools/bin/../lib/gcc/arm-none-eabi/7.2.1/../../../../arm-none-eabi/lib/thumb/v7e-m/fpv4-sp/hard\libcr_c.a(strspn.o)
 .comment       0x0000007e       0x7f c:/nxp/mcuxpressoide_10.2.1_795/ide/tools/bin/../lib/gcc/arm-none-eabi/7.2.1/../../../../arm-none-eabi/lib/thumb/v7e-m/fpv4-sp/hard\libcr_c.a(_cr_check_heap.o)
 .comment       0x0000007e       0x7f c:/nxp/mcuxpressoide_10.2.1_795/ide/tools/bin/../lib/gcc/arm-none-eabi/7.2.1/../../../../arm-none-eabi/lib/thumb/v7e-m/fpv4-sp/hard\libcr_c.a(_do_fflush.o)

.ARM.attributes
                0x00000000       0x37
 .ARM.attributes
                0x00000000       0x39 ./startup/startup_mk66f18.o
 .ARM.attributes
                0x00000039       0x39 ./source/main.o
 .ARM.attributes
                0x00000072       0x39 ./source/semihost_hardfault.o
 .ARM.attributes
                0x000000ab       0x39 ./sdmmc/src/fsl_sdmmc_event.o
 .ARM.attributes
                0x000000e4       0x39 ./sdmmc/src/fsl_sdspi.o
 .ARM.attributes
                0x0000011d       0x39 ./fatfs/fatfs_source/diskio.o
 .ARM.attributes
                0x00000156       0x39 ./fatfs/fatfs_source/ff.o
 .ARM.attributes
                0x0000018f       0x39 ./fatfs/fatfs_source/fsl_sdspi_disk.o
 .ARM.attributes
                0x000001c8       0x39 ./drivers/button.o
 .ARM.attributes
                0x00000201       0x39 ./drivers/fsl_clock.o
 .ARM.attributes
                0x0000023a       0x39 ./drivers/fsl_dmamux.o
 .ARM.attributes
                0x00000273       0x39 ./drivers/fsl_dspi.o
 .ARM.attributes
                0x000002ac       0x39 ./drivers/fsl_edma.o
 .ARM.attributes
                0x000002e5       0x39 ./drivers/fsl_ftm.o
 .ARM.attributes
                0x0000031e       0x39 ./drivers/fsl_gpio.o
 .ARM.attributes
                0x00000357       0x39 ./drivers/fsl_lptmr.o
 .ARM.attributes
                0x00000390       0x39 ./drivers/fsl_lpuart.o
 .ARM.attributes
                0x000003c9       0x39 ./drivers/fsl_sdhc.o
 .ARM.attributes
                0x00000402       0x39 ./drivers/fsl_uart.o
 .ARM.attributes
                0x0000043b       0x39 ./drivers/screen.o
 .ARM.attributes
                0x00000474       0x39 ./drivers/ss_display_driver.o
 .ARM.attributes
                0x000004ad       0x39 ./drivers/time.o
 .ARM.attributes
                0x000004e6       0x39 ./device/system_MK66F18.o
 .ARM.attributes
                0x0000051f       0x39 ./board/board.o
 .ARM.attributes
                0x00000558       0x39 ./board/clock_config.o
 .ARM.attributes
                0x00000591       0x39 ./board/peripherals.o
 .ARM.attributes
                0x000005ca       0x39 ./board/pin_mux.o
 .ARM.attributes
                0x00000603       0x39 c:/nxp/mcuxpressoide_10.2.1_795/ide/tools/bin/../lib/gcc/arm-none-eabi/7.2.1/../../../../arm-none-eabi/lib/thumb/v7e-m/fpv4-sp/hard\libcr_semihost_nf.a(_cr__main.o)
 .ARM.attributes
                0x0000063c       0x39 c:/nxp/mcuxpressoide_10.2.1_795/ide/tools/bin/../lib/gcc/arm-none-eabi/7.2.1/../../../../arm-none-eabi/lib/thumb/v7e-m/fpv4-sp/hard\libcr_semihost_nf.a(_cr_assert.o)
 .ARM.attributes
                0x00000675       0x39 c:/nxp/mcuxpressoide_10.2.1_795/ide/tools/bin/../lib/gcc/arm-none-eabi/7.2.1/../../../../arm-none-eabi/lib/thumb/v7e-m/fpv4-sp/hard\libcr_semihost_nf.a(__ciob.o)
 .ARM.attributes
                0x000006ae       0x25 c:/nxp/mcuxpressoide_10.2.1_795/ide/tools/bin/../lib/gcc/arm-none-eabi/7.2.1/../../../../arm-none-eabi/lib/thumb/v7e-m/fpv4-sp/hard\libcr_semihost_nf.a(__sys_appexit.o)
 .ARM.attributes
                0x000006d3       0x39 c:/nxp/mcuxpressoide_10.2.1_795/ide/tools/bin/../lib/gcc/arm-none-eabi/7.2.1/../../../../arm-none-eabi/lib/thumb/v7e-m/fpv4-sp/hard\libcr_c.a(memcpy.o)
 .ARM.attributes
                0x0000070c       0x39 c:/nxp/mcuxpressoide_10.2.1_795/ide/tools/bin/../lib/gcc/arm-none-eabi/7.2.1/../../../../arm-none-eabi/lib/thumb/v7e-m/fpv4-sp/hard\libcr_c.a(memset.o)
 .ARM.attributes
                0x00000745       0x39 c:/nxp/mcuxpressoide_10.2.1_795/ide/tools/bin/../lib/gcc/arm-none-eabi/7.2.1/../../../../arm-none-eabi/lib/thumb/v7e-m/fpv4-sp/hard\libcr_c.a(_deferredlazyseek.o)
 .ARM.attributes
                0x0000077e       0x39 c:/nxp/mcuxpressoide_10.2.1_795/ide/tools/bin/../lib/gcc/arm-none-eabi/7.2.1/../../../../arm-none-eabi/lib/thumb/v7e-m/fpv4-sp/hard\libcr_c.a(_fflush.o)
 .ARM.attributes
                0x000007b7       0x39 c:/nxp/mcuxpressoide_10.2.1_795/ide/tools/bin/../lib/gcc/arm-none-eabi/7.2.1/../../../../arm-none-eabi/lib/thumb/v7e-m/fpv4-sp/hard\libcr_c.a(_writebuf.o)
 .ARM.attributes
                0x000007f0       0x39 c:/nxp/mcuxpressoide_10.2.1_795/ide/tools/bin/../lib/gcc/arm-none-eabi/7.2.1/../../../../arm-none-eabi/lib/thumb/v7e-m/fpv4-sp/hard\libcr_c.a(alloc.o)
 .ARM.attributes
                0x00000829       0x39 c:/nxp/mcuxpressoide_10.2.1_795/ide/tools/bin/../lib/gcc/arm-none-eabi/7.2.1/../../../../arm-none-eabi/lib/thumb/v7e-m/fpv4-sp/hard\libcr_c.a(fputs.o)
 .ARM.attributes
                0x00000862       0x39 c:/nxp/mcuxpressoide_10.2.1_795/ide/tools/bin/../lib/gcc/arm-none-eabi/7.2.1/../../../../arm-none-eabi/lib/thumb/v7e-m/fpv4-sp/hard\libcr_c.a(fseek.o)
 .ARM.attributes
                0x0000089b       0x39 c:/nxp/mcuxpressoide_10.2.1_795/ide/tools/bin/../lib/gcc/arm-none-eabi/7.2.1/../../../../arm-none-eabi/lib/thumb/v7e-m/fpv4-sp/hard\libcr_c.a(ftell.o)
 .ARM.attributes
                0x000008d4       0x39 c:/nxp/mcuxpressoide_10.2.1_795/ide/tools/bin/../lib/gcc/arm-none-eabi/7.2.1/../../../../arm-none-eabi/lib/thumb/v7e-m/fpv4-sp/hard\libcr_c.a(initio.o)
 .ARM.attributes
                0x0000090d       0x39 c:/nxp/mcuxpressoide_10.2.1_795/ide/tools/bin/../lib/gcc/arm-none-eabi/7.2.1/../../../../arm-none-eabi/lib/thumb/v7e-m/fpv4-sp/hard\libcr_c.a(scanf.o)
 .ARM.attributes
                0x00000946       0x39 c:/nxp/mcuxpressoide_10.2.1_795/ide/tools/bin/../lib/gcc/arm-none-eabi/7.2.1/../../../../arm-none-eabi/lib/thumb/v7e-m/fpv4-sp/hard\libcr_c.a(setvbuf.o)
 .ARM.attributes
                0x0000097f       0x39 c:/nxp/mcuxpressoide_10.2.1_795/ide/tools/bin/../lib/gcc/arm-none-eabi/7.2.1/../../../../arm-none-eabi/lib/thumb/v7e-m/fpv4-sp/hard\libcr_c.a(strcpy.o)
 .ARM.attributes